Component: ARM Compiler 5.05 update 1 (build 106) Tool: armlink [4d0efa]

==============================================================================

Section Cross References

    main.o(i.AppTaskCollection) refers to bsp_emq.o(i.EMQ_Connect) for EMQ_Connect
    main.o(i.AppTaskCollection) refers to bsp_emq.o(i.EMQ_POLL) for EMQ_POLL
    main.o(i.AppTaskCollection) refers to os_time.o(i.OSTimeDlyHMSM) for OSTimeDlyHMSM
    main.o(i.AppTaskGET1) refers to printfa.o(i.__0printf) for __2printf
    main.o(i.AppTaskGET1) refers to os_time.o(i.OSTimeDlyHMSM) for OSTimeDlyHMSM
    main.o(i.AppTaskSend) refers to os_time.o(i.OSTimeDlyHMSM) for OSTimeDlyHMSM
    main.o(i.AppTaskSend) refers to led_display.o(i.DisplayNumberMode) for DisplayNumberMode
    main.o(i.AppTaskSend) refers to led_display.o(i.UpdateDisplay) for UpdateDisplay
    main.o(i.AppTaskStart) refers to bsp.o(i.BSP_Init) for BSP_Init
    main.o(i.AppTaskStart) refers to cpu_core.o(i.CPU_Init) for CPU_Init
    main.o(i.AppTaskStart) refers to os_stat.o(i.OSStatTaskCPUUsageInit) for OSStatTaskCPUUsageInit
    main.o(i.AppTaskStart) refers to cpu_core.o(i.CPU_IntDisMeasMaxCurReset) for CPU_IntDisMeasMaxCurReset
    main.o(i.AppTaskStart) refers to os_task.o(i.OSTaskCreate) for OSTaskCreate
    main.o(i.AppTaskStart) refers to modbus_master.o(i.ModbusMaster_begin) for ModbusMaster_begin
    main.o(i.AppTaskStart) refers to os_task.o(i.OSTaskSuspend) for OSTaskSuspend
    main.o(i.AppTaskStart) refers to bsp_emq.o(i.ParseCommand_Config) for ParseCommand_Config
    main.o(i.AppTaskStart) refers to os_time.o(i.OSTimeDlyHMSM) for OSTimeDlyHMSM
    main.o(i.AppTaskStart) refers to main.o(.bss) for .bss
    main.o(i.AppTaskStart) refers to main.o(i.AppTaskCollection) for AppTaskCollection
    main.o(i.AppTaskStart) refers to main.o(i.AppTaskSend) for AppTaskSend
    main.o(i.AppTaskStart) refers to main.o(i.AppTaskGET1) for AppTaskGET1
    main.o(i.main) refers to lib_mem.o(i.Mem_Init) for Mem_Init
    main.o(i.main) refers to cpu_core.o(i.CPU_NameSet) for CPU_NameSet
    main.o(i.main) refers to bsp_int.o(i.BSP_IntDisAll) for BSP_IntDisAll
    main.o(i.main) refers to os_core.o(i.OSInit) for OSInit
    main.o(i.main) refers to os_app_hooks.o(i.App_OS_SetAllHooks) for App_OS_SetAllHooks
    main.o(i.main) refers to os_task.o(i.OSTaskCreate) for OSTaskCreate
    main.o(i.main) refers to os_core.o(i.OSStart) for OSStart
    main.o(i.main) refers to main.o(.bss) for .bss
    main.o(i.main) refers to main.o(i.AppTaskStart) for AppTaskStart
    opt.o(i.CutString) refers to strtok.o(.text) for strtok
    opt.o(i.CutString) refers to strlen.o(.text) for strlen
    opt.o(i.CutString) refers to ctype_o.o(.text) for __rt_ctype_table
    opt.o(i.CutString) refers to strcpy.o(.text) for strcpy
    opt.o(i.CutString) refers to memmovea.o(.text) for __aeabi_memmove
    opt.o(i.GetString) refers to strlen.o(.text) for strlen
    opt.o(i.htoi) refers to tolower.o(.text) for tolower
    opt.o(i.left) refers to strlen.o(.text) for strlen
    opt.o(i.mid) refers to strlen.o(.text) for strlen
    opt.o(i.right) refers to strlen.o(.text) for strlen
    opt.o(i.trim) refers to strlen.o(.text) for strlen
    opt.o(i.trim) refers to ctype_o.o(.text) for __rt_ctype_table
    opt.o(i.trim) refers to memmovea.o(.text) for __aeabi_memmove
    bsp.o(i.BSP_Init) refers to bsp_int.o(i.BSP_Tick_Init) for BSP_Tick_Init
    bsp.o(i.BSP_Init) refers to bsp_int.o(i.BSP_IntInit) for BSP_IntInit
    bsp.o(i.BSP_Init) refers to bsp_gpio.o(i.BSP_GPIO_Init) for BSP_GPIO_Init
    bsp.o(i.BSP_Init) refers to bsp_config_usart.o(i.BSP_InitUart_Config) for BSP_InitUart_Config
    bsp.o(i.BSP_Init) refers to led_uart1.o(i.LED_UART_Init) for LED_UART_Init
    bsp.o(i.BSP_Init) refers to pm25_uart3.o(i.PM25_UART3_Init) for PM25_UART3_Init
    bsp.o(i.BSP_Init) refers to printfa.o(i.__0printf) for __2printf
    bsp.o(i.BSP_Init) refers to bsp_emq.o(i.EMQ_Init) for EMQ_Init
    bsp.o(i.BSP_Init) refers to pm25_uart3.o(i.Close_Measurement) for Close_Measurement
    bsp.o(i.BSP_Init) refers to pm25_uart3.o(i.Open_Measurement) for Open_Measurement
    bsp.o(i.BSP_Init) refers to os_var.o(.data) for OSRunning
    bsp.o(i.BSP_Init) refers to bsp_emq.o(.data) for DEVICE_ID
    bsp.o(i.BSP_Init) refers to bsp.o(.data) for .data
    bsp.o(i.BSP_Init) refers to bsp.o(.bss) for .bss
    bsp.o(i.Flash_WriteHalfWord) refers to stm32f10x_flash.o(i.FLASH_Unlock) for FLASH_Unlock
    bsp.o(i.Flash_WriteHalfWord) refers to stm32f10x_flash.o(i.FLASH_ClearFlag) for FLASH_ClearFlag
    bsp.o(i.Flash_WriteHalfWord) refers to stm32f10x_flash.o(i.FLASH_ErasePage) for FLASH_ErasePage
    bsp.o(i.Flash_WriteHalfWord) refers to stm32f10x_flash.o(i.FLASH_ProgramHalfWord) for FLASH_ProgramHalfWord
    bsp.o(i.Flash_WriteHalfWord) refers to stm32f10x_flash.o(i.FLASH_Lock) for FLASH_Lock
    bsp.o(i.delay_ms) refers to bsp_os.o(i.BSP_OS_TimeDlyMs) for BSP_OS_TimeDlyMs
[...]
    CPU_RevBits                              0x08000197   Thumb Code     0  cpu_a.o(.text)
    __aeabi_uldivmod                         0x0800019d   Thumb Code    98  uldiv.o(.text)
    ___aeabi_memcpy8$move                    0x080001ff   Thumb Code     0  memmovea.o(.text)
    __aeabi_memcpy                           0x080001ff   Thumb Code    64  memmovea.o(.text)
    __aeabi_memcpy4                          0x080001ff   Thumb Code     0  memmovea.o(.text)
    __aeabi_memmove                          0x080001ff   Thumb Code     0  memmovea.o(.text)
    __aeabi_memmove4                         0x080001ff   Thumb Code     0  memmovea.o(.text)
    __aeabi_memmove8                         0x080001ff   Thumb Code     0  memmovea.o(.text)
    __aeabi_memset                           0x0800023f   Thumb Code    14  memseta.o(.text)
    __aeabi_memset4                          0x0800023f   Thumb Code     0  memseta.o(.text)
    __aeabi_memset8                          0x0800023f   Thumb Code     0  memseta.o(.text)
    __aeabi_memclr                           0x0800024d   Thumb Code     4  memseta.o(.text)
    __aeabi_memclr4                          0x0800024d   Thumb Code     0  memseta.o(.text)
    __aeabi_memclr8                          0x0800024d   Thumb Code     0  memseta.o(.text)
    _memset$wrapper                          0x08000251   Thumb Code    18  memseta.o(.text)
    strstr                                   0x08000263   Thumb Code    36  strstr.o(.text)
    strlen                                   0x08000287   Thumb Code    14  strlen.o(.text)
    memcmp                                   0x08000295   Thumb Code    26  memcmp.o(.text)
    __aeabi_fdiv                             0x080002af   Thumb Code   124  fdiv.o(.text)
    __aeabi_dadd                             0x0800032b   Thumb Code   322  dadd.o(.text)
    __aeabi_dsub                             0x0800046d   Thumb Code     6  dadd.o(.text)
    __aeabi_drsub                            0x08000473   Thumb Code     6  dadd.o(.text)
    __aeabi_ddiv                             0x08000479   Thumb Code   222  ddiv.o(.text)
    __aeabi_ui2f                             0x08000557   Thumb Code    10  ffltui.o(.text)
    __aeabi_ui2d                             0x08000561   Thumb Code    26  dfltui.o(.text)
    __aeabi_d2uiz                            0x0800057b   Thumb Code    50  dfixui.o(.text)
    __aeabi_f2d                              0x080005ad   Thumb Code    38  f2d.o(.text)
    __aeabi_uidiv                            0x080005d3   Thumb Code     0  uidiv.o(.text)
    __aeabi_uidivmod                         0x080005d3   Thumb Code    44  uidiv.o(.text)
    __aeabi_llsl                             0x080005ff   Thumb Code    30  llshl.o(.text)
    _ll_shift_l                              0x080005ff   Thumb Code     0  llshl.o(.text)
    __aeabi_llsr                             0x0800061d   Thumb Code    32  llushr.o(.text)
    _ll_ushift_r                             0x0800061d   Thumb Code     0  llushr.o(.text)
    __aeabi_lasr                             0x0800063d   Thumb Code    36  llsshr.o(.text)
    _ll_sshift_r                             0x0800063d   Thumb Code     0  llsshr.o(.text)
    __I$use$fp                               0x08000661   Thumb Code     0  iusefp.o(.text)
    _float_round                             0x08000661   Thumb Code    18  fepilogue.o(.text)
    _float_epilogue                          0x08000673   Thumb Code    92  fepilogue.o(.text)
    _double_round                            0x080006cf   Thumb Code    30  depilogue.o(.text)
    _double_epilogue                         0x080006ed   Thumb Code   156  depilogue.o(.text)
    __aeabi_dmul                             0x08000789   Thumb Code   228  dmul.o(.text)
    __aeabi_d2ulz                            0x0800086d   Thumb Code    48  dfixul.o(.text)
    __aeabi_cdrcmple                         0x0800089d   Thumb Code    48  cdrcmple.o(.text)
    __scatterload                            0x080008cd   Thumb Code    28  init.o(.text)
    __scatterload_rt2                        0x080008cd   Thumb Code     0  init.o(.text)
    __decompress                             0x080008f1   Thumb Code     0  __dczerorl2.o(.text)
    __decompress1                            0x080008f1   Thumb Code    86  __dczerorl2.o(.text)
    OSStartHighRdy                           0x08000949   Thumb Code     0  os_cpu_a.o(CODE)
    OSCtxSw                                  0x080009c5   Thumb Code     0  os_cpu_a.o(CODE)
    OSIntCtxSw                               0x080009cf   Thumb Code     0  os_cpu_a.o(CODE)
    OS_CPU_PendSVHandler                     0x080009d9   Thumb Code     0  os_cpu_a.o(CODE)
    App_OS_IdleTaskHook                      0x08000bd1   Thumb Code     2  os_app_hooks.o(i.App_OS_IdleTaskHook)
    App_OS_SetAllHooks                       0x08000bd5   Thumb Code    68  os_app_hooks.o(i.App_OS_SetAllHooks)
    App_OS_StatTaskHook                      0x08000c51   Thumb Code     2  os_app_hooks.o(i.App_OS_StatTaskHook)
    App_OS_TaskCreateHook                    0x08000c53   Thumb Code     2  os_app_hooks.o(i.App_OS_TaskCreateHook)
    App_OS_TaskDelHook                       0x08000c55   Thumb Code     2  os_app_hooks.o(i.App_OS_TaskDelHook)
    App_OS_TaskReturnHook                    0x08000c57   Thumb Code     2  os_app_hooks.o(i.App_OS_TaskReturnHook)
    App_OS_TaskSwHook                        0x08000c59   Thumb Code     2  os_app_hooks.o(i.App_OS_TaskSwHook)
    App_OS_TimeTickHook                      0x08000c5b   Thumb Code     2  os_app_hooks.o(i.App_OS_TimeTickHook)
    BSP_CPU_ClkFreq                          0x08000c5d   Thumb Code    16  bsp_int.o(i.BSP_CPU_ClkFreq)
    BSP_GPIO_Init                            0x08000c6d   Thumb Code   176  bsp_gpio.o(i.BSP_GPIO_Init)
    BSP_GPRS_USART_IRQHandler                0x08000d3d   Thumb Code    72  gprs_usart.o(i.BSP_GPRS_USART_IRQHandler)
    BSP_Init                                 0x08000d99   Thumb Code   216  bsp.o(i.BSP_Init)
    BSP_InitUart_Config                      0x08000ea5   Thumb Code   200  bsp_config_usart.o(i.BSP_InitUart_Config)
    BSP_IntDisAll                            0x08000f89   Thumb Code     4  bsp_int.o(i.BSP_IntDisAll)
    BSP_IntInit                              0x08000f91   Thumb Code    48  bsp_int.o(i.BSP_IntInit)
    BSP_OS_TimeDlyMs                         0x08000fc9   Thumb Code    66  bsp_os.o(i.BSP_OS_TimeDlyMs)
    BSP_Tick_Init                            0x0800100d   Thumb Code    60  bsp_int.o(i.BSP_Tick_Init)
    CLR_Buf3                                 0x08001051   Thumb Code    20  bsp_config_usart.o(i.CLR_Buf3)
    CLR_Buf5                                 0x0800106d   Thumb Code    18  bsp_config_usart.o(i.CLR_Buf5)
    CPU_Init                                 0x08001089   Thumb Code   170  cpu_core.o(i.CPU_Init)
    CPU_IntDisMeasMaxCurReset                0x0800113d   Thumb Code    40  cpu_core.o(i.CPU_IntDisMeasMaxCurReset)
    CPU_IntDisMeasMaxGet                     0x08001169   Thumb Code    26  cpu_core.o(i.CPU_IntDisMeasMaxGet)
    CPU_IntDisMeasStart                      0x08001189   Thumb Code    28  cpu_core.o(i.CPU_IntDisMeasStart)
    CPU_IntDisMeasStop                       0x080011a9   Thumb Code    50  cpu_core.o(i.CPU_IntDisMeasStop)
    CPU_NameSet                              0x080011e1   Thumb Code   100  cpu_core.o(i.CPU_NameSet)
    CPU_TS_TmrFreqSet                        0x0800124d   Thumb Code     6  cpu_core.o(i.CPU_TS_TmrFreqSet)
    CPU_TS_TmrInit                           0x08001259   Thumb Code    38  cpu_bsp.o(i.CPU_TS_TmrInit)
    CPU_TS_TmrRd                             0x08001289   Thumb Code     6  cpu_bsp.o(i.CPU_TS_TmrRd)
    Close_Measurement                        0x08001295   Thumb Code    68  pm25_uart3.o(i.Close_Measurement)
    DisplayNumberMode                        0x080012fd   Thumb Code    58  led_display.o(i.DisplayNumberMode)
    EMQTT_CONNACK                            0x08001359   Thumb Code    80  emqtt.o(i.EMQTT_CONNACK)
    EMQTT_CONNECT                            0x0800145d   Thumb Code   232  emqtt.o(i.EMQTT_CONNECT)
    EMQTT_Deal_Qs0                           0x08001559   Thumb Code   118  emqtt.o(i.EMQTT_Deal_Qs0)
    EMQTT_Init                               0x080015dd   Thumb Code   106  emqtt.o(i.EMQTT_Init)
    EMQTT_PINGREQ                            0x08001659   Thumb Code    18  emqtt.o(i.EMQTT_PINGREQ)
    EMQTT_PINGRESP                           0x08001671   Thumb Code    10  emqtt.o(i.EMQTT_PINGRESP)
    EMQTT_PUBLISH_Qs0                        0x0800167d   Thumb Code   156  emqtt.o(i.EMQTT_PUBLISH_Qs0)
    EMQTT_SUBACK                             0x0800174d   Thumb Code   112  emqtt.o(i.EMQTT_SUBACK)
    EMQTT_SUBSCRIBE                          0x08001809   Thumb Code   204  emqtt.o(i.EMQTT_SUBSCRIBE)
    EMQTT_TxData                             0x080018f9   Thumb Code   116  emqtt.o(i.EMQTT_TxData)
    EMQ_Connect                              0x08001971   Thumb Code   524  bsp_emq.o(i.EMQ_Connect)
    EMQ_Init                                 0x08001e0d   Thumb Code   192  bsp_emq.o(i.EMQ_Init)
    EMQ_POLL                                 0x08001ef1   Thumb Code   786  bsp_emq.o(i.EMQ_POLL)
    FLASH_ErasePage                          0x080023d9   Thumb Code    58  stm32f10x_flash.o(i.FLASH_ErasePage)
    FLASH_Lock                               0x08002419   Thumb Code    12  stm32f10x_flash.o(i.FLASH_Lock)
    FLASH_ProgramHalfWord                    0x08002429   Thumb Code    52  stm32f10x_flash.o(i.FLASH_ProgramHalfWord)
    FLASH_Unlock                             0x08002461   Thumb Code    12  stm32f10x_flash.o(i.FLASH_Unlock)
    FLASH_WaitForLastOperation               0x08002479   Thumb Code    96  stm32f10x_flash.o(i.FLASH_WaitForLastOperation)
    Find_usart3                              0x080024dd   Thumb Code    18  bsp_config_usart.o(i.Find_usart3)
    Find_usart5                              0x080024f5   Thumb Code    18  bsp_config_usart.o(i.Find_usart5)
    GPIO_Init                                0x0800250d   Thumb Code   188  stm32f10x_gpio.o(i.GPIO_Init)
    GPIO_PinRemapConfig                      0x080025c9   Thumb Code   102  stm32f10x_gpio.o(i.GPIO_PinRemapConfig)
    HardFault_Handler                        0x08002635   Thumb Code    58  stm32f10x_it.o(i.HardFault_Handler)
    IWDG_Enable                              0x08002689   Thumb Code    10  stm32f10x_iwdg.o(i.IWDG_Enable)
    IWDG_ReloadCounter                       0x08002699   Thumb Code    10  stm32f10x_iwdg.o(i.IWDG_ReloadCounter)
    IWDG_SetPrescaler                        0x080026a9   Thumb Code     6  stm32f10x_iwdg.o(i.IWDG_SetPrescaler)
    IWDG_SetReload                           0x080026b5   Thumb Code     6  stm32f10x_iwdg.o(i.IWDG_SetReload)
    IWDG_WriteAccessCmd                      0x080026c1   Thumb Code     6  stm32f10x_iwdg.o(i.IWDG_WriteAccessCmd)
    InitModbusUART                           0x080026cd   Thumb Code   198  modbus_uart.o(i.InitModbusUART)
    LED_UART_Init                            0x0800279d   Thumb Code   142  led_uart1.o(i.LED_UART_Init)
    Mem_Clr                                  0x08002835   Thumb Code   188  lib_mem.o(i.Mem_Clr)
    Mem_Init                                 0x080028f1   Thumb Code    60  lib_mem.o(i.Mem_Init)
    ModbusMaster_ModbusMasterTransaction     0x08002935   Thumb Code  1106  modbus_master.o(i.ModbusMaster_ModbusMasterTransaction)
    ModbusMaster_begin                       0x08002d99   Thumb Code    12  modbus_master.o(i.ModbusMaster_begin)
    ModbusMaster_clearResponseBuffer         0x08002da9   Thumb Code     8  modbus_master.o(i.ModbusMaster_clearResponseBuffer)
    ModbusMaster_getResponseBuffer           0x08002db5   Thumb Code    16  modbus_master.o(i.ModbusMaster_getResponseBuffer)
    ModbusMaster_readHoldingRegisters        0x08002dc9   Thumb Code    14  modbus_master.o(i.ModbusMaster_readHoldingRegisters)
    ModbusUART_WriteBuffer                   0x08002ddd   Thumb Code    40  modbus_uart.o(i.ModbusUART_WriteBuffer)
    Modbus_Master_Millis                     0x08002e09   Thumb Code    10  trans_recieve_buff_control.o(i.Modbus_Master_Millis)
    Modbus_Master_RB_Initialize              0x08002e15   Thumb Code    22  trans_recieve_buff_control.o(i.Modbus_Master_RB_Initialize)
    Modbus_Master_Read                       0x08002e31   Thumb Code    24  trans_recieve_buff_control.o(i.Modbus_Master_Read)
    Modbus_Master_Rece_Available             0x08002e4d   Thumb Code    32  trans_recieve_buff_control.o(i.Modbus_Master_Rece_Available)
    Modbus_Master_Rece_Flush                 0x08002e71   Thumb Code    12  trans_recieve_buff_control.o(i.Modbus_Master_Rece_Flush)
    Modbus_Master_Rece_Handler               0x08002e81   Thumb Code    18  trans_recieve_buff_control.o(i.Modbus_Master_Rece_Handler)
    Modbus_Master_Write                      0x08002e9d   Thumb Code    10  trans_recieve_buff_control.o(i.Modbus_Master_Write)
    NVIC_Init                                0x08002ea9   Thumb Code   112  misc.o(i.NVIC_Init)
    NVIC_PriorityGroupConfig                 0x08002f1d   Thumb Code    14  misc.o(i.NVIC_PriorityGroupConfig)
    OSCfg_Init                               0x08002f31   Thumb Code     2  os_cfg_app.o(i.OSCfg_Init)
    OSIdleTaskHook                           0x08002f35   Thumb Code    12  os_cpu_c.o(i.OSIdleTaskHook)
    OSInit                                   0x08002f45   Thumb Code   406  os_core.o(i.OSInit)
    OSInitHook                               0x08003145   Thumb Code    22  os_cpu_c.o(i.OSInitHook)
    OSIntEnter                               0x08003169   Thumb Code    24  os_core.o(i.OSIntEnter)
    OSIntExit                                0x08003189   Thumb Code   112  os_core.o(i.OSIntExit)
    OSMutexCreate                            0x08003219   Thumb Code    92  os_mutex.o(i.OSMutexCreate)
    OSMutexPend                              0x08003285   Thumb Code   372  os_mutex.o(i.OSMutexPend)
    OSMutexPost                              0x08003405   Thumb Code   346  os_mutex.o(i.OSMutexPost)
    OSSched                                  0x0800356d   Thumb Code   102  os_core.o(i.OSSched)
    OSSchedLock                              0x080035f1   Thumb Code    66  os_core.o(i.OSSchedLock)
    OSSchedUnlock                            0x0800363d   Thumb Code   176  os_core.o(i.OSSchedUnlock)
    OSStart                                  0x0800370d   Thumb Code    66  os_core.o(i.OSStart)
    OSStatReset                              0x08003769   Thumb Code   210  os_stat.o(i.OSStatReset)
    OSStatTaskCPUUsageInit                   0x0800385d   Thumb Code   154  os_stat.o(i.OSStatTaskCPUUsageInit)
    OSStatTaskHook                           0x08003919   Thumb Code    12  os_cpu_c.o(i.OSStatTaskHook)
    OSTaskCreate                             0x08003929   Thumb Code   276  os_task.o(i.OSTaskCreate)
    OSTaskCreateHook                         0x08003a4d   Thumb Code    12  os_cpu_c.o(i.OSTaskCreateHook)
    OSTaskResume                             0x08003a5d   Thumb Code    38  os_task.o(i.OSTaskResume)
    OSTaskReturnHook                         0x08003a85   Thumb Code    12  os_cpu_c.o(i.OSTaskReturnHook)
    OSTaskSemPend                            0x08003a95   Thumb Code   302  os_task.o(i.OSTaskSemPend)
    OSTaskSemPost                            0x08003bcd   Thumb Code    28  os_task.o(i.OSTaskSemPost)
    OSTaskStkChk                             0x08003be9   Thumb Code   150  os_task.o(i.OSTaskStkChk)
    OSTaskStkInit                            0x08003c85   Thumb Code   124  os_cpu_c.o(i.OSTaskStkInit)
    OSTaskSuspend                            0x08003d05   Thumb Code    18  os_task.o(i.OSTaskSuspend)
    OSTaskSwHook                             0x08003d1d   Thumb Code    74  os_cpu_c.o(i.OSTaskSwHook)
    OSTimeDly                                0x08003d75   Thumb Code   136  os_time.o(i.OSTimeDly)
    OSTimeDlyHMSM                            0x08003e05   Thumb Code   198  os_time.o(i.OSTimeDlyHMSM)
    OSTimeGet                                0x08003ed9   Thumb Code    36  os_time.o(i.OSTimeGet)
    OSTimeTick                               0x08003f01   Thumb Code    46  os_time.o(i.OSTimeTick)
    OSTimeTickHook                           0x08003f41   Thumb Code    12  os_cpu_c.o(i.OSTimeTickHook)
    OS_Dbg_Init                              0x08003f51   Thumb Code     2  os_dbg.o(i.OS_Dbg_Init)
    OS_FlagInit                              0x08003f55   Thumb Code    14  os_flag.o(i.OS_FlagInit)
    OS_IdleTask                              0x08003f6d   Thumb Code    42  os_core.o(i.OS_IdleTask)
    OS_IdleTaskInit                          0x08003fa1   Thumb Code    60  os_core.o(i.OS_IdleTaskInit)
    OS_MemInit                               0x08004009   Thumb Code    14  os_mem.o(i.OS_MemInit)
    OS_MsgPoolInit                           0x08004021   Thumb Code   116  os_msg.o(i.OS_MsgPoolInit)
    OS_MsgQInit                              0x080040a1   Thumb Code    14  os_msg.o(i.OS_MsgQInit)
    OS_MutexDbgListAdd                       0x080040b1   Thumb Code    26  os_mutex.o(i.OS_MutexDbgListAdd)
    OS_MutexGrpPrioFindHighest               0x080040d5   Thumb Code    34  os_mutex.o(i.OS_MutexGrpPrioFindHighest)
    OS_MutexInit                             0x080040f9   Thumb Code    14  os_mutex.o(i.OS_MutexInit)
    OS_Pend                                  0x08004111   Thumb Code   310  os_core.o(i.OS_Pend)
    OS_PendDbgNameAdd                        0x08004261   Thumb Code    50  os_core.o(i.OS_PendDbgNameAdd)
    OS_PendListChangePrio                    0x080042ad   Thumb Code   188  os_core.o(i.OS_PendListChangePrio)
    OS_PendListInit                          0x08004369   Thumb Code    10  os_core.o(i.OS_PendListInit)
    OS_PendListRemove                        0x08004373   Thumb Code    98  os_core.o(i.OS_PendListRemove)
    OS_Post                                  0x080043d5   Thumb Code   288  os_core.o(i.OS_Post)
    OS_PrioGetHighest                        0x080044f9   Thumb Code    38  os_prio.o(i.OS_PrioGetHighest)
    OS_PrioInit                              0x08004525   Thumb Code     8  os_prio.o(i.OS_PrioInit)
    OS_PrioInsert                            0x08004531   Thumb Code    30  os_prio.o(i.OS_PrioInsert)
    OS_PrioRemove                            0x08004555   Thumb Code    32  os_prio.o(i.OS_PrioRemove)
    OS_QInit                                 0x08004579   Thumb Code    14  os_q.o(i.OS_QInit)
    OS_RdyListInsert                         0x08004591   Thumb Code   102  os_core.o(i.OS_RdyListInsert)
    OS_RdyListInsertHead                     0x08004601   Thumb Code    52  os_core.o(i.OS_RdyListInsertHead)
    OS_RdyListInsertTail                     0x08004639   Thumb Code    48  os_core.o(i.OS_RdyListInsertTail)
    OS_RdyListRemove                         0x0800466d   Thumb Code    78  os_core.o(i.OS_RdyListRemove)
    OS_SemInit                               0x080046c1   Thumb Code    14  os_sem.o(i.OS_SemInit)
    OS_StatTask                              0x080046d9   Thumb Code   748  os_stat.o(i.OS_StatTask)
    OS_StatTaskInit                          0x08004a19   Thumb Code   134  os_stat.o(i.OS_StatTaskInit)
    OS_TaskChangePrio                        0x08004ae5   Thumb Code   184  os_task.o(i.OS_TaskChangePrio)
    OS_TaskInit                              0x08004ba1   Thumb Code    18  os_task.o(i.OS_TaskInit)
    OS_TaskInitTCB                           0x08004bc1   Thumb Code   168  os_task.o(i.OS_TaskInitTCB)
    OS_TaskResume                            0x08004c75   Thumb Code   192  os_task.o(i.OS_TaskResume)
    OS_TaskReturn                            0x08004d35   Thumb Code    24  os_task.o(i.OS_TaskReturn)
    OS_TaskSemPost                           0x08004d55   Thumb Code   180  os_task.o(i.OS_TaskSemPost)
    OS_TaskSuspend                           0x08004e0d   Thumb Code   218  os_task.o(i.OS_TaskSuspend)
    OS_TickListInsert                        0x08004ef1   Thumb Code   132  os_tick.o(i.OS_TickListInsert)
    OS_TickListInsertDly                     0x08004f75   Thumb Code   252  os_tick.o(i.OS_TickListInsertDly)
    OS_TickListRemove                        0x08005079   Thumb Code   102  os_tick.o(i.OS_TickListRemove)
    OS_TickTask                              0x080050e1   Thumb Code   408  os_tick.o(i.OS_TickTask)
    OS_TickTaskInit                          0x08005289   Thumb Code   136  os_tick.o(i.OS_TickTaskInit)
    OS_TmrInit                               0x0800534d   Thumb Code   188  os_tmr.o(i.OS_TmrInit)
    OS_TmrTask                               0x08005479   Thumb Code   196  os_tmr.o(i.OS_TmrTask)
    Open_Measurement                         0x08005551   Thumb Code    74  pm25_uart3.o(i.Open_Measurement)
    PM25_UART3_Init                          0x080055c1   Thumb Code   190  pm25_uart3.o(i.PM25_UART3_Init)
    ParseCommand_Config                      0x08005691   Thumb Code   372  bsp_emq.o(i.ParseCommand_Config)
    ParsePM25Command                         0x08005889   Thumb Code   120  pm25_uart3.o(i.ParsePM25Command)
    RCC_APB1PeriphClockCmd                   0x08005919   Thumb Code    18  stm32f10x_rcc.o(i.RCC_APB1PeriphClockCmd)
    RCC_APB2PeriphClockCmd                   0x08005931   Thumb Code    18  stm32f10x_rcc.o(i.RCC_APB2PeriphClockCmd)
    RCC_GetClocksFreq                        0x08005949   Thumb Code   152  stm32f10x_rcc.o(i.RCC_GetClocksFreq)
    SIM800CUsart_init                        0x080059f5   Thumb Code   168  sim800c_usart.o(i.SIM800CUsart_init)
    SIM800C_CREG                             0x08005aa5   Thumb Code   100  sim800c.o(i.SIM800C_CREG)
    SIM800C_CSQ                              0x08005b29   Thumb Code   130  sim800c.o(i.SIM800C_CSQ)
    SIM800C_GPRS                             0x08005bd5   Thumb Code   468  sim800c.o(i.SIM800C_GPRS)
    SIM800C_SendCmd_OK                       0x08005e41   Thumb Code    98  sim800c.o(i.SIM800C_SendCmd_OK)
    SIM800C_TestAT                           0x08005eb9   Thumb Code    78  sim800c.o(i.SIM800C_TestAT)
    SIM800C_TxData                           0x08005f1d   Thumb Code    50  sim800c_usart.o(i.SIM800C_TxData)
    SIM800C_init                             0x08005f59   Thumb Code    66  sim800c.o(i.SIM800C_init)
    SIM800C_printf                           0x08005fa1   Thumb Code    80  sim800c_usart.o(i.SIM800C_printf)
    STMFLASH_Read                            0x08005ffd   Thumb Code    26  stmflash.o(i.STMFLASH_Read)
    STMFLASH_Write                           0x08006019   Thumb Code   300  stmflash.o(i.STMFLASH_Write)
    Str_Copy_N                               0x080061f9   Thumb Code    72  lib_str.o(i.Str_Copy_N)
    Str_Len_N                                0x08006241   Thumb Code    26  lib_str.o(i.Str_Len_N)
    StringFind                               0x0800625b   Thumb Code   100  opt.o(i.StringFind)
    SysTick_Handler                          0x080062c1   Thumb Code    42  stm32f10x_it.o(i.SysTick_Handler)
    SystemInit                               0x080062f1   Thumb Code   222  system_stm32f10x.o(i.SystemInit)
    TIM2_IRQHandler                          0x080063e1   Thumb Code   176  stm32f10x_it.o(i.TIM2_IRQHandler)
    TIM2_Init                                0x080064a9   Thumb Code   118  timer2.o(i.TIM2_Init)
    TIM3_IRQHandler                          0x08006521   Thumb Code   210  stm32f10x_it.o(i.TIM3_IRQHandler)
    TIM3_Init                                0x08006641   Thumb Code   104  timer3.o(i.TIM3_Init)
    TIM4_IRQHandler                          0x080066ad   Thumb Code    68  stm32f10x_it.o(i.TIM4_IRQHandler)
    TIM4_Init                                0x08006715   Thumb Code   120  timer4.o(i.TIM4_Init)
    TIM5_IRQHandler                          0x08006791   Thumb Code    76  stm32f10x_it.o(i.TIM5_IRQHandler)
    TIM5_Init                                0x08006809   Thumb Code   106  timer5.o(i.TIM5_Init)
    TIM_ClearITPendingBit                    0x08006879   Thumb Code     6  stm32f10x_tim.o(i.TIM_ClearITPendingBit)
    TIM_Cmd                                  0x0800687f   Thumb Code    18  stm32f10x_tim.o(i.TIM_Cmd)
    TIM_GetITStatus                          0x08006891   Thumb Code    22  stm32f10x_tim.o(i.TIM_GetITStatus)
    TIM_ITConfig                             0x080068a7   Thumb Code    16  stm32f10x_tim.o(i.TIM_ITConfig)
    TIM_SetCounter                           0x080068b7   Thumb Code     4  stm32f10x_tim.o(i.TIM_SetCounter)
    TIM_TimeBaseInit                         0x080068bd   Thumb Code   148  stm32f10x_tim.o(i.TIM_TimeBaseInit)
    TxDataBuf_Deal                           0x08006959   Thumb Code    38  emqtt.o(i.TxDataBuf_Deal)
    UART4_IRQHandler                         0x08006989   Thumb Code    96  stm32f10x_it.o(i.UART4_IRQHandler)
    UART5_IRQHandler                         0x080069f1   Thumb Code   112  stm32f10x_it.o(i.UART5_IRQHandler)
    USART1WriteBuffer                        0x08006a6d   Thumb Code    40  led_uart1.o(i.USART1WriteBuffer)
    USART2_IRQHandler                        0x08006a99   Thumb Code    38  stm32f10x_it.o(i.USART2_IRQHandler)
    USART3_IRQHandler                        0x08006ac1   Thumb Code    86  stm32f10x_it.o(i.USART3_IRQHandler)
    USART_ClearFlag                          0x08006b25   Thumb Code     6  stm32f10x_usart.o(i.USART_ClearFlag)
    USART_ClearITPendingBit                  0x08006b2b   Thumb Code    14  stm32f10x_usart.o(i.USART_ClearITPendingBit)
    USART_Cmd                                0x08006b39   Thumb Code    18  stm32f10x_usart.o(i.USART_Cmd)
    USART_GetFlagStatus                      0x08006b4b   Thumb Code    14  stm32f10x_usart.o(i.USART_GetFlagStatus)
    USART_GetITStatus                        0x08006b59   Thumb Code    76  stm32f10x_usart.o(i.USART_GetITStatus)
    USART_ITConfig                           0x08006ba5   Thumb Code    48  stm32f10x_usart.o(i.USART_ITConfig)
    USART_Init                               0x08006bd5   Thumb Code   174  stm32f10x_usart.o(i.USART_Init)
    USART_ReceiveData                        0x08006c89   Thumb Code     8  stm32f10x_usart.o(i.USART_ReceiveData)
    USART_SendData                           0x08006c91   Thumb Code     8  stm32f10x_usart.o(i.USART_SendData)
    Uart3WriteBuffer_Config                  0x08006c99   Thumb Code    40  bsp_config_usart.o(i.Uart3WriteBuffer_Config)
    Uart5WriteBuffer_Config                  0x08006cc5   Thumb Code    40  bsp_config_usart.o(i.Uart5WriteBuffer_Config)
    UartWriteBuffer_Config                   0x08006cf1   Thumb Code    40  bsp_emq.o(i.UartWriteBuffer_Config)
    UpdateDisplay                            0x08006d1d   Thumb Code    72  led_display.o(i.UpdateDisplay)
    __0printf                                0x08006d6d   Thumb Code    22  printfa.o(i.__0printf)
    __1printf                                0x08006d6d   Thumb Code     0  printfa.o(i.__0printf)
    __2printf                                0x08006d6d   Thumb Code     0  printfa.o(i.__0printf)
    __c89printf                              0x08006d6d   Thumb Code     0  printfa.o(i.__0printf)
    printf                                   0x08006d6d   Thumb Code     0  printfa.o(i.__0printf)
    __0sprintf                               0x08006d8d   Thumb Code    34  printfa.o(i.__0sprintf)
    __1sprintf                               0x08006d8d   Thumb Code     0  printfa.o(i.__0sprintf)
    __2sprintf                               0x08006d8d   Thumb Code     0  printfa.o(i.__0sprintf)
    __c89sprintf                             0x08006d8d   Thumb Code     0  printfa.o(i.__0sprintf)
    sprintf                                  0x08006d8d   Thumb Code     0  printfa.o(i.__0sprintf)
    __0vsprintf                              0x08006db5   Thumb Code    30  printfa.o(i.__0vsprintf)
    __1vsprintf                              0x08006db5   Thumb Code     0  printfa.o(i.__0vsprintf)
    __2vsprintf                              0x08006db5   Thumb Code     0  printfa.o(i.__0vsprintf)
    __c89vsprintf                            0x08006db5   Thumb Code     0  printfa.o(i.__0vsprintf)
    vsprintf                                 0x08006db5   Thumb Code     0  printfa.o(i.__0vsprintf)
    __scatterload_copy                       0x08006dd9   Thumb Code    14  handlers.o(i.__scatterload_copy)
    __scatterload_null                       0x08006de7   Thumb Code     2  handlers.o(i.__scatterload_null)
    __scatterload_zeroinit                   0x08006de9   Thumb Code    14  handlers.o(i.__scatterload_zeroinit)
    delay_ms                                 0x08007695   Thumb Code     4  bsp.o(i.delay_ms)
    fputc                                    0x08007a11   Thumb Code    30  bsp_config_usart.o(i.fputc)
    getNoise                                 0x08007a35   Thumb Code    88  noise_sensor.o(i.getNoise)
    getWindDirection                         0x08007aad   Thumb Code    56  wind_sensor.o(i.getWindDirection)
    getWindSpeed                             0x08007b05   Thumb Code   224  wind_sensor.o(i.getWindSpeed)
    main                                     0x08007c4d   Thumb Code    80  main.o(i.main)
    neul_bc95_str_to_hex                     0x08007cc5   Thumb Code    60  emqtt.o(i.neul_bc95_str_to_hex)
    rbClear                                  0x08007d01   Thumb Code    12  ringbuffer.o(i.rbClear)
    rbInitialize                             0x08007d0d   Thumb Code    18  ringbuffer.o(i.rbInitialize)
    rbIsEmpty                                0x08007d1f   Thumb Code    14  ringbuffer.o(i.rbIsEmpty)
    rbPop                                    0x08007d2d   Thumb Code    34  ringbuffer.o(i.rbPop)
    rbPush                                   0x08007d4f   Thumb Code    38  ringbuffer.o(i.rbPush)
    read_DEVICE_ID                           0x08007d75   Thumb Code    58  bsp_emq.o(i.read_DEVICE_ID)
    OSCfg_IdleTaskStkBasePtr                 0x08007dcc   Data           4  os_cfg_app.o(.constdata)
    OSCfg_IdleTaskStkLimit                   0x08007dd0   Data           4  os_cfg_app.o(.constdata)
    OSCfg_IdleTaskStkSize                    0x08007dd4   Data           4  os_cfg_app.o(.constdata)
    OSCfg_ISRStkBasePtr                      0x08007dd8   Data           4  os_cfg_app.o(.constdata)
    OSCfg_ISRStkSize                         0x08007ddc   Data           4  os_cfg_app.o(.constdata)
    OSCfg_MsgPoolSize                        0x08007de0   Data           2  os_cfg_app.o(.constdata)
    OSCfg_MsgPoolBasePtr                     0x08007de4   Data           4  os_cfg_app.o(.constdata)
    OSCfg_StatTaskPrio                       0x08007de8   Data           1  os_cfg_app.o(.constdata)
    OSCfg_StatTaskRate_Hz                    0x08007dec   Data           4  os_cfg_app.o(.constdata)
    OSCfg_StatTaskStkBasePtr                 0x08007df0   Data           4  os_cfg_app.o(.constdata)
    OSCfg_StatTaskStkLimit                   0x08007df4   Data           4  os_cfg_app.o(.constdata)
    OSCfg_StatTaskStkSize                    0x08007df8   Data           4  os_cfg_app.o(.constdata)
    OSCfg_StkSizeMin                         0x08007dfc   Data           4  os_cfg_app.o(.constdata)
    OSCfg_TickRate_Hz                        0x08007e00   Data           4  os_cfg_app.o(.constdata)
    OSCfg_TickTaskPrio                       0x08007e04   Data           1  os_cfg_app.o(.constdata)
    OSCfg_TickTaskStkBasePtr                 0x08007e08   Data           4  os_cfg_app.o(.constdata)
    OSCfg_TickTaskStkLimit                   0x08007e0c   Data           4  os_cfg_app.o(.constdata)
    OSCfg_TickTaskStkSize                    0x08007e10   Data           4  os_cfg_app.o(.constdata)
    OSCfg_TmrTaskPrio                        0x08007e14   Data           1  os_cfg_app.o(.constdata)
    OSCfg_TmrTaskRate_Hz                     0x08007e18   Data           4  os_cfg_app.o(.constdata)
    OSCfg_TmrTaskStkBasePtr                  0x08007e1c   Data           4  os_cfg_app.o(.constdata)
    OSCfg_TmrTaskStkLimit                    0x08007e20   Data           4  os_cfg_app.o(.constdata)
    OSCfg_TmrTaskStkSize                     0x08007e24   Data           4  os_cfg_app.o(.constdata)
    Region$$Table$$Base                      0x08007f7c   Number         0  anon$$obj.o(Region$$Table)
    Region$$Table$$Limit                     0x08007f9c   Number         0  anon$$obj.o(Region$$Table)
    Mode                                     0x20000000   Data           1  bsp.o(.data)
    modeSeq                                  0x20000001   Data           5  bsp.o(.data)
    RxStateConfig                            0x20000006   Data           1  bsp_config_usart.o(.data)
    CmdFlag                                  0x20000007   Data           1  bsp_config_usart.o(.data)
    RxDataCount                              0x20000008   Data           2  bsp_config_usart.o(.data)
    serverLink_sta                           0x2000000c   Data           1  bsp_emq.o(.data)
    ping_flag                                0x2000000d   Data           1  bsp_emq.o(.data)
    EMQ_success                              0x2000000e   Data           1  bsp_emq.o(.data)
    relay_flag                               0x2000000f   Data           1  bsp_emq.o(.data)
    Transmission_Sta                         0x20000010   Data           1  bsp_emq.o(.data)
    res                                      0x20000011   Data           1  bsp_emq.o(.data)
    Cntr_CMD                                 0x20000014   Data           4  bsp_emq.o(.data)
    Deal_CMD                                 0x20000018   Data           4  bsp_emq.o(.data)
    CMD1                                     0x2000001c   Data           4  bsp_emq.o(.data)
    CMD2                                     0x20000020   Data           4  bsp_emq.o(.data)
    CMD3                                     0x20000024   Data           4  bsp_emq.o(.data)
    CMD4                                     0x20000028   Data           4  bsp_emq.o(.data)
    CMD5                                     0x2000002c   Data           4  bsp_emq.o(.data)
    DEVICE_ID                                0x20000030   Data           4  bsp_emq.o(.data)
    DEVICE_IDc                               0x20000034   Data           4  bsp_emq.o(.data)
    falsh_DEVICE_ID                          0x20000038   Data           8  bsp_emq.o(.data)
    falsh_DEVICE_id                          0x20000040   Data           8  bsp_emq.o(.data)
    Cntr_CMD_t                               0x20000048   Data          50  bsp_emq.o(.data)
    Deal_CMD_t                               0x2000007a   Data          50  bsp_emq.o(.data)
    EMQ_RES                                  0x200000ac   Data           1  bsp_emq.o(.data)
    RxCmdCount                               0x200000ae   Data           2  bsp_emq.o(.data)
    Message_ID                               0x200000b0   Data           2  emqtt.o(.data)
    CLIENT_ID                                0x200000b4   Data           4  emqtt.o(.data)
    EMQTT_RxDataInPtr                        0x200000b8   Data           4  emqtt.o(.data)
    EMQTT_RxDataOutPtr                       0x200000bc   Data           4  emqtt.o(.data)
    EMQTT_RxDataEndPtr                       0x200000c0   Data           4  emqtt.o(.data)
    EMQTT_TxDataInPtr                        0x200000c4   Data           4  emqtt.o(.data)
    EMQTT_TxDataOutPtr                       0x200000c8   Data           4  emqtt.o(.data)
    EMQTT_TxDataEndPtr                       0x200000cc   Data           4  emqtt.o(.data)
    EMQTT_CMDInPtr                           0x200000d0   Data           4  emqtt.o(.data)
    EMQTT_CMDOutPtr                          0x200000d4   Data           4  emqtt.o(.data)
    EMQTT_CMDEndPtr                          0x200000d8   Data           4  emqtt.o(.data)
    EMQTT_MessageOBDPtr                      0x200000dc   Data           4  emqtt.o(.data)
    First_MessageOBDPtr                      0x200000e0   Data           4  emqtt.o(.data)
    SIM800C_RX_STA                           0x200000e4   Data           2  sim800c_usart.o(.data)
    PM25_RxBuffCount                         0x200000e6   Data           2  pm25_uart3.o(.data)
    _u8MBSlave                               0x200000e8   Data           1  modbus_master.o(.data)
    _u8TransmitBufferIndex                   0x200000e9   Data           1  modbus_master.o(.data)
    _u8ResponseBufferIndex                   0x200000ea   Data           1  modbus_master.o(.data)
    _u8ResponseBufferLength                  0x200000eb   Data           1  modbus_master.o(.data)
    _u16ReadAddress                          0x200000ec   Data           2  modbus_master.o(.data)
    _u16ReadQty                              0x200000ee   Data           2  modbus_master.o(.data)
    _u16WriteAddress                         0x200000f0   Data           2  modbus_master.o(.data)
    _u16WriteQty                             0x200000f2   Data           2  modbus_master.o(.data)
    u16TransmitBufferLength                  0x200000f4   Data           2  modbus_master.o(.data)
    level                                    0x200000f8   Data          44  led_display.o(.data)
    display_template                         0x20000124   Data          64  led_display.o(.data)
    _class                                   0x20000164   Data          20  led_display.o(.data)
    count                                    0x2000018c   Data           4  stm32f10x_it.o(.data)
    CPU_IntDisMeasCtr                        0x20000190   Data           2  cpu_core.o(.data)
    CPU_IntDisNestCtr                        0x20000192   Data           2  cpu_core.o(.data)
    CPU_TS_TmrFreq_Hz                        0x20000194   Data           4  cpu_core.o(.data)
    CPU_IntDisMeasStart_cnts                 0x20000198   Data           4  cpu_core.o(.data)
    CPU_IntDisMeasStop_cnts                  0x2000019c   Data           4  cpu_core.o(.data)
    CPU_IntDisMeasOvrhd_cnts                 0x200001a0   Data           4  cpu_core.o(.data)
    CPU_IntDisMeasMaxCur_cnts                0x200001a4   Data           4  cpu_core.o(.data)
    CPU_IntDisMeasMax_cnts                   0x200001a8   Data           4  cpu_core.o(.data)
    Mem_SegHeadPtr                           0x200001ac   Data           4  lib_mem.o(.data)
    OSPrioTbl                                0x200001b0   Data           4  os_prio.o(.data)
    OS_AppTaskCreateHookPtr                  0x200001b4   Data           4  os_var.o(.data)
    OS_AppTaskDelHookPtr                     0x200001b8   Data           4  os_var.o(.data)
    OS_AppTaskReturnHookPtr                  0x200001bc   Data           4  os_var.o(.data)
    OS_AppIdleTaskHookPtr                    0x200001c0   Data           4  os_var.o(.data)
    OS_AppStatTaskHookPtr                    0x200001c4   Data           4  os_var.o(.data)
    OS_AppTaskSwHookPtr                      0x200001c8   Data           4  os_var.o(.data)
    OS_AppTimeTickHookPtr                    0x200001cc   Data           4  os_var.o(.data)
    OSIdleTaskCtr                            0x200001d0   Data           4  os_var.o(.data)
    OSIntNestingCtr                          0x200001d4   Data           1  os_var.o(.data)
    OSIntDisTimeMax                          0x200001d8   Data           4  os_var.o(.data)
    OSRunning                                0x200001dc   Data           1  os_var.o(.data)
    OSFlagDbgListPtr                         0x200001e0   Data           4  os_var.o(.data)
    OSFlagQty                                0x200001e4   Data           2  os_var.o(.data)
    OSMemDbgListPtr                          0x200001e8   Data           4  os_var.o(.data)
    OSMemQty                                 0x200001ec   Data           2  os_var.o(.data)
    OSMutexDbgListPtr                        0x200001f0   Data           4  os_var.o(.data)
    OSMutexQty                               0x200001f4   Data           2  os_var.o(.data)
    OSPrioCur                                0x200001f6   Data           1  os_var.o(.data)
    OSPrioHighRdy                            0x200001f7   Data           1  os_var.o(.data)
    OSPrioSaved                              0x200001f8   Data           1  os_var.o(.data)
    OSQDbgListPtr                            0x200001fc   Data           4  os_var.o(.data)
    OSQQty                                   0x20000200   Data           2  os_var.o(.data)
    OSSchedLockNestingCtr                    0x20000202   Data           1  os_var.o(.data)
    OSSemDbgListPtr                          0x20000204   Data           4  os_var.o(.data)
    OSSemQty                                 0x20000208   Data           2  os_var.o(.data)
    OSStatResetFlag                          0x2000020a   Data           1  os_var.o(.data)
    OSStatTaskCPUUsage                       0x2000020c   Data           2  os_var.o(.data)
    OSStatTaskCPUUsageMax                    0x2000020e   Data           2  os_var.o(.data)
    OSStatTaskCtr                            0x20000210   Data           4  os_var.o(.data)
    OSStatTaskCtrMax                         0x20000214   Data           4  os_var.o(.data)
    OSStatTaskCtrRun                         0x20000218   Data           4  os_var.o(.data)
    OSStatTaskRdy                            0x2000021c   Data           1  os_var.o(.data)
    OSStatTaskTimeMax                        0x20000220   Data           4  os_var.o(.data)
    OSTaskCtxSwCtr                           0x20000224   Data           4  os_var.o(.data)
    OSTaskDbgListPtr                         0x20000228   Data           4  os_var.o(.data)
    OSTaskQty                                0x2000022c   Data           2  os_var.o(.data)
    OSTaskRegNextAvailID                     0x2000022e   Data           1  os_var.o(.data)
    OSTickCtr                                0x20000230   Data           4  os_var.o(.data)
    OSTickTaskTimeMax                        0x20000234   Data           4  os_var.o(.data)
    OSTickListDly                            0x20000238   Data           8  os_var.o(.data)
    OSTickListTimeout                        0x20000240   Data           8  os_var.o(.data)
    OSTmrDbgListPtr                          0x20000248   Data           4  os_var.o(.data)
    OSTmrListEntries                         0x2000024c   Data           2  os_var.o(.data)
    OSTmrListPtr                             0x20000250   Data           4  os_var.o(.data)
    OSTmrTaskTimeMax                         0x20000254   Data           4  os_var.o(.data)
    OSTmrTickCtr                             0x20000258   Data           4  os_var.o(.data)
    OSTmrUpdateCnt                           0x2000025c   Data           4  os_var.o(.data)
    OSTmrUpdateCtr                           0x20000260   Data           4  os_var.o(.data)
    OSTCBCurPtr                              0x20000264   Data           4  os_var.o(.data)
    OSTCBHighRdyPtr                          0x20000268   Data           4  os_var.o(.data)
    OS_CPU_ExceptStkBase                     0x2000026c   Data           4  os_cpu_c.o(.data)
    __stdout                                 0x20000270   Data           4  stdout.o(.data)
    AppTaskStartTCB                          0x20000278   Data         192  main.o(.bss)
    AppTaskCollectionTCB                     0x20000338   Data         192  main.o(.bss)
    AppTaskSendTCB                           0x200003f8   Data         192  main.o(.bss)
    AppTaskGET1TCB                           0x200004b8   Data         192  main.o(.bss)
    mySensorDatas                            0x20000d78   Data          24  bsp.o(.bss)
    RxDataBuff                               0x20000d90   Data         256  bsp_config_usart.o(.bss)
    temp_buff                                0x20000fd8   Data         128  bsp_emq.o(.bss)
    RxCmdBuff                                0x20001058   Data         128  bsp_emq.o(.bss)
    EMQTT_RxDataBuf                          0x200010d8   Data       10000  emqtt.o(.bss)
    EMQTT_TxDataBuf                          0x200037e8   Data       10000  emqtt.o(.bss)
    EMQTT_CMDBuf                             0x20005ef8   Data        2500  emqtt.o(.bss)
    EMQTT_MessageOBD                         0x200068bc   Data        3000  emqtt.o(.bss)
    SIM800C_RX_BUF                           0x20007474   Data         128  sim800c_usart.o(.bss)
    SIM800C_TX_BUF                           0x200074f8   Data        2048  sim800c_usart.o(.bss)
    STMFLASH_BUF                             0x20007cf8   Data        2048  stmflash.o(.bss)
    PM25_RxBuff                              0x200084f8   Data         256  pm25_uart3.o(.bss)
    _u16ResponseBuffer                       0x200085f8   Data         128  modbus_master.o(.bss)
    _u16TransmitBuffer                       0x20008678   Data         128  modbus_master.o(.bss)
    m_Modbus_Master_RX_RingBuff              0x200086f8   Data          20  trans_recieve_buff_control.o(.bss)
    m_Modbus_Master_RX_Buff                  0x2000870c   Data         200  trans_recieve_buff_control.o(.bss)
    CPU_Name                                 0x200087d4   Data          16  cpu_core.o(.bss)
    Mem_Heap                                 0x200087e4   Data        1024  lib_mem.o(.bss)
    Mem_SegHeap                              0x20008be4   Data          20  lib_mem.o(.bss)
    OSCfg_IdleTaskStk                        0x20008bf8   Data         512  os_cfg_app.o(.bss)
    OSCfg_ISRStk                             0x20008df8   Data         400  os_cfg_app.o(.bss)
    OSCfg_MsgPool                            0x20008f88   Data        1600  os_cfg_app.o(.bss)
    OSCfg_StatTaskStk                        0x200095c8   Data         400  os_cfg_app.o(.bss)
    OSCfg_TickTaskStk                        0x20009758   Data         512  os_cfg_app.o(.bss)
    OSCfg_TmrTaskStk                         0x20009958   Data         512  os_cfg_app.o(.bss)
    OSIdleTaskTCB                            0x20009b58   Data         192  os_var.o(.bss)
    OSMsgPool                                0x20009c18   Data          12  os_var.o(.bss)
    OSRdyList                                0x20009c24   Data         384  os_var.o(.bss)
    OSStatTaskTCB                            0x20009da4   Data         192  os_var.o(.bss)
    OSTickTaskTCB                            0x20009e64   Data         192  os_var.o(.bss)
    OSTmrMutex                               0x20009f24   Data          48  os_var.o(.bss)
    OSTmrTaskTCB                             0x20009f54   Data         192  os_var.o(.bss)
    __initial_sp                             0x2000a418   Data           0  startup_stm32f10x_hd.o(STACK)



==============================================================================

Memory Map of the image

  Image Entry point : 0x08000131

  Load Region LR_IROM1 (Base: 0x08000000, Size: 0x00008210, Max: 0x00040000, ABSOLUTE, COMPRESSED[0x00008028])

    Execution Region ER_IROM1 (Base: 0x08000000, Size: 0x00007f9c, Max: 0x00040000, ABSOLUTE)

    Base Addr    Size         Type   Attr      Idx    E Section Name        Object

    0x08000000   0x00000130   Data   RO         3355    RESET               startup_stm32f10x_hd.o
    0x08000130   0x00000000   Code   RO         5369  * .ARM.Collect$$$$00000000  mc_w.l(entry.o)
    0x08000130   0x00000004   Code   RO         5703    .ARM.Collect$$$$00000001  mc_w.l(entry2.o)
    0x08000134   0x00000004   Code   RO         5706    .ARM.Collect$$$$00000004  mc_w.l(entry5.o)
    0x08000138   0x00000000   Code   RO         5708    .ARM.Collect$$$$00000008  mc_w.l(entry7b.o)
    0x08000138   0x00000000   Code   RO         5710    .ARM.Collect$$$$0000000A  mc_w.l(entry8b.o)
    0x08000138   0x00000008   Code   RO         5711    .ARM.Collect$$$$0000000B  mc_w.l(entry9a.o)
    0x08000140   0x00000000   Code   RO         5713    .ARM.Collect$$$$0000000D  mc_w.l(entry10a.o)
    0x08000140   0x00000000   Code   RO         5715    .ARM.Collect$$$$0000000F  mc_w.l(entry11a.o)
    0x08000140   0x00000004   Code   RO         5704    .ARM.Collect$$$$00002712  mc_w.l(entry2.o)
    0x08000144   0x00000024   Code   RO         3356    .text               startup_stm32f10x_hd.o
    0x08000168   0x00000034   Code   RO         3786    .text               cpu_a.o
    0x0800019c   0x00000062   Code   RO         5372    .text               mc_w.l(uldiv.o)
    0x080001fe   0x00000040   Code   RO         5406    .text               mc_w.l(memmovea.o)
    0x0800023e   0x00000024   Code   RO         5408    .text               mc_w.l(memseta.o)
    0x08000262   0x00000024   Code   RO         5410    .text               mc_w.l(strstr.o)
    0x08000286   0x0000000e   Code   RO         5412    .text               mc_w.l(strlen.o)
    0x08000294   0x0000001a   Code   RO         5414    .text               mc_w.l(memcmp.o)
    0x080002ae   0x0000007c   Code   RO         5689    .text               mf_w.l(fdiv.o)
    0x0800032a   0x0000014e   Code   RO         5691    .text               mf_w.l(dadd.o)
    0x08000478   0x000000de   Code   RO         5693    .text               mf_w.l(ddiv.o)
    0x08000556   0x0000000a   Code   RO         5695    .text               mf_w.l(ffltui.o)
    0x08000560   0x0000001a   Code   RO         5697    .text               mf_w.l(dfltui.o)
    0x0800057a   0x00000032   Code   RO         5699    .text               mf_w.l(dfixui.o)
    0x080005ac   0x00000026   Code   RO         5701    .text               mf_w.l(f2d.o)
    0x080005d2   0x0000002c   Code   RO         5718    .text               mc_w.l(uidiv.o)
    0x080005fe   0x0000001e   Code   RO         5720    .text               mc_w.l(llshl.o)
    0x0800061c   0x00000020   Code   RO         5722    .text               mc_w.l(llushr.o)
    0x0800063c   0x00000024   Code   RO         5724    .text               mc_w.l(llsshr.o)
    0x08000660   0x00000000   Code   RO         5726    .text               mc_w.l(iusefp.o)
    0x08000660   0x0000006e   Code   RO         5727    .text               mf_w.l(fepilogue.o)
    0x080006ce   0x000000ba   Code   RO         5729    .text               mf_w.l(depilogue.o)
    0x08000788   0x000000e4   Code   RO         5731    .text               mf_w.l(dmul.o)
    0x0800086c   0x00000030   Code   RO         5733    .text               mf_w.l(dfixul.o)
    0x0800089c   0x00000030   Code   RO         5735    .text               mf_w.l(cdrcmple.o)
    0x080008cc   0x00000024   Code   RO         5737    .text               mc_w.l(init.o)
    0x080008f0   0x00000056   Code   RO         5747    .text               mc_w.l(__dczerorl2.o)
    0x08000946   0x00000002   PAD
    0x08000948   0x000000e4   Code   RO         5366    CODE                os_cpu_a.o
    0x08000a2c   0x00000022   Code   RO            1    i.AppTaskCollection  main.o
    0x08000a4e   0x00000002   PAD
    0x08000a50   0x00000030   Code   RO            2    i.AppTaskGET1       main.o
    0x08000a80   0x00000042   Code   RO            3    i.AppTaskSend       main.o
    0x08000ac2   0x00000002   PAD
    0x08000ac4   0x0000010c   Code   RO            4    i.AppTaskStart      main.o
    0x08000bd0   0x00000002   Code   RO         3480    i.App_OS_IdleTaskHook  os_app_hooks.o
    0x08000bd2   0x00000002   PAD
    0x08000bd4   0x0000007c   Code   RO         3482    i.App_OS_SetAllHooks  os_app_hooks.o
    0x08000c50   0x00000002   Code   RO         3483    i.App_OS_StatTaskHook  os_app_hooks.o
    0x08000c52   0x00000002   Code   RO         3484    i.App_OS_TaskCreateHook  os_app_hooks.o
    0x08000c54   0x00000002   Code   RO         3485    i.App_OS_TaskDelHook  os_app_hooks.o
    0x08000c56   0x00000002   Code   RO         3486    i.App_OS_TaskReturnHook  os_app_hooks.o
    0x08000c58   0x00000002   Code   RO         3487    i.App_OS_TaskSwHook  os_app_hooks.o
    0x08000c5a   0x00000002   Code   RO         3488    i.App_OS_TimeTickHook  os_app_hooks.o
    0x08000c5c   0x00000010   Code   RO          420    i.BSP_CPU_ClkFreq   bsp_int.o
    0x08000c6c   0x000000d0   Code   RO          408    i.BSP_GPIO_Init     bsp_gpio.o
    0x08000d3c   0x0000005c   Code   RO         1095    i.BSP_GPRS_USART_IRQHandler  gprs_usart.o
    0x08000d98   0x0000010c   Code   RO          295    i.BSP_Init          bsp.o
    0x08000ea4   0x000000e4   Code   RO          343    i.BSP_InitUart_Config  bsp_config_usart.o
    0x08000f88   0x00000004   Code   RO          423    i.BSP_IntDisAll     bsp_int.o
    0x08000f8c   0x00000002   Code   RO          452    i.BSP_IntHandlerDummy  bsp_int.o
    0x08000f8e   0x00000002   PAD
    0x08000f90   0x00000038   Code   RO          508    i.BSP_IntInit       bsp_int.o
    0x08000fc8   0x00000042   Code   RO         3549    i.BSP_OS_TimeDlyMs  bsp_os.o
    0x0800100a   0x00000002   PAD
    0x0800100c   0x00000044   Code   RO          511    i.BSP_Tick_Init     bsp_int.o
    0x08001050   0x0000001c   Code   RO          344    i.CLR_Buf3          bsp_config_usart.o
    0x0800106c   0x0000001c   Code   RO          345    i.CLR_Buf5          bsp_config_usart.o
    0x08001088   0x000000b4   Code   RO         3598    i.CPU_Init          cpu_core.o
    0x0800113c   0x0000002c   Code   RO         3600    i.CPU_IntDisMeasMaxCurReset  cpu_core.o
    0x08001168   0x00000020   Code   RO         3601    i.CPU_IntDisMeasMaxGet  cpu_core.o
    0x08001188   0x00000020   Code   RO         3602    i.CPU_IntDisMeasStart  cpu_core.o
    0x080011a8   0x00000038   Code   RO         3603    i.CPU_IntDisMeasStop  cpu_core.o
    0x080011e0   0x0000006c   Code   RO         3606    i.CPU_NameSet       cpu_core.o
    0x0800124c   0x0000000c   Code   RO         3611    i.CPU_TS_TmrFreqSet  cpu_core.o
    0x08001258   0x00000030   Code   RO         3456    i.CPU_TS_TmrInit    cpu_bsp.o
    0x08001288   0x0000000c   Code   RO         3457    i.CPU_TS_TmrRd      cpu_bsp.o
    0x08001294   0x00000068   Code   RO         1642    i.Close_Measurement  pm25_uart3.o
    0x080012fc   0x0000005c   Code   RO         2011    i.DisplayNumberMode  led_display.o
    0x08001358   0x00000104   Code   RO         1245    i.EMQTT_CONNACK     emqtt.o
    0x0800145c   0x000000fc   Code   RO         1246    i.EMQTT_CONNECT     emqtt.o
    0x08001558   0x00000084   Code   RO         1249    i.EMQTT_Deal_Qs0    emqtt.o
    0x080015dc   0x0000007c   Code   RO         1252    i.EMQTT_Init        emqtt.o
    0x08001658   0x00000018   Code   RO         1253    i.EMQTT_PINGREQ     emqtt.o
    0x08001670   0x0000000a   Code   RO         1254    i.EMQTT_PINGRESP    emqtt.o
    0x0800167a   0x00000002   PAD
    0x0800167c   0x000000d0   Code   RO         1257    i.EMQTT_PUBLISH_Qs0  emqtt.o
    0x0800174c   0x000000bc   Code   RO         1262    i.EMQTT_SUBACK      emqtt.o
    0x08001808   0x000000f0   Code   RO         1263    i.EMQTT_SUBSCRIBE   emqtt.o
    0x080018f8   0x00000078   Code   RO         1264    i.EMQTT_TxData      emqtt.o
    0x08001970   0x0000049c   Code   RO         1145    i.EMQ_Connect       bsp_emq.o
    0x08001e0c   0x000000e4   Code   RO         1146    i.EMQ_Init          bsp_emq.o
    0x08001ef0   0x000004e8   Code   RO         1147    i.EMQ_POLL          bsp_emq.o
    0x080023d8   0x00000040   Code   RO         2122    i.FLASH_ErasePage   stm32f10x_flash.o
    0x08002418   0x00000010   Code   RO         2132    i.FLASH_Lock        stm32f10x_flash.o
    0x08002428   0x00000038   Code   RO         2135    i.FLASH_ProgramHalfWord  stm32f10x_flash.o
    0x08002460   0x00000018   Code   RO         2140    i.FLASH_Unlock      stm32f10x_flash.o
    0x08002478   0x00000064   Code   RO         2144    i.FLASH_WaitForLastOperation  stm32f10x_flash.o
    0x080024dc   0x00000018   Code   RO          346    i.Find_usart3       bsp_config_usart.o
    0x080024f4   0x00000018   Code   RO          347    i.Find_usart5       bsp_config_usart.o
    0x0800250c   0x000000bc   Code   RO         2295    i.GPIO_Init         stm32f10x_gpio.o
    0x080025c8   0x0000006c   Code   RO         2297    i.GPIO_PinRemapConfig  stm32f10x_gpio.o
    0x08002634   0x00000054   Code   RO         3385    i.HardFault_Handler  stm32f10x_it.o
    0x08002688   0x00000010   Code   RO         3311    i.IWDG_Enable       stm32f10x_iwdg.o
    0x08002698   0x00000010   Code   RO         3313    i.IWDG_ReloadCounter  stm32f10x_iwdg.o
    0x080026a8   0x0000000c   Code   RO         3314    i.IWDG_SetPrescaler  stm32f10x_iwdg.o
    0x080026b4   0x0000000c   Code   RO         3315    i.IWDG_SetReload    stm32f10x_iwdg.o
    0x080026c0   0x0000000c   Code   RO         3316    i.IWDG_WriteAccessCmd  stm32f10x_iwdg.o
    0x080026cc   0x000000d0   Code   RO         1881    i.InitModbusUART    modbus_uart.o
    0x0800279c   0x00000098   Code   RO         2063    i.LED_UART_Init     led_uart1.o
    0x08002834   0x000000bc   Code   RO         3894    i.Mem_Clr           lib_mem.o
    0x080028f0   0x00000044   Code   RO         3904    i.Mem_Init          lib_mem.o
    0x08002934   0x00000464   Code   RO         1710    i.ModbusMaster_ModbusMasterTransaction  modbus_master.o
    0x08002d98   0x00000010   Code   RO         1712    i.ModbusMaster_begin  modbus_master.o
    0x08002da8   0x0000000c   Code   RO         1714    i.ModbusMaster_clearResponseBuffer  modbus_master.o
    0x08002db4   0x00000014   Code   RO         1716    i.ModbusMaster_getResponseBuffer  modbus_master.o
    0x08002dc8   0x00000014   Code   RO         1720    i.ModbusMaster_readHoldingRegisters  modbus_master.o
    0x08002ddc   0x0000002c   Code   RO         1882    i.ModbusUART_WriteBuffer  modbus_uart.o
    0x08002e08   0x0000000a   Code   RO         1955    i.Modbus_Master_Millis  trans_recieve_buff_control.o
    0x08002e12   0x00000002   PAD
    0x08002e14   0x0000001c   Code   RO         1956    i.Modbus_Master_RB_Initialize  trans_recieve_buff_control.o
    0x08002e30   0x0000001c   Code   RO         1957    i.Modbus_Master_Read  trans_recieve_buff_control.o
    0x08002e4c   0x00000024   Code   RO         1958    i.Modbus_Master_Rece_Available  trans_recieve_buff_control.o
    0x08002e70   0x00000010   Code   RO         1959    i.Modbus_Master_Rece_Flush  trans_recieve_buff_control.o
    0x08002e80   0x0000001c   Code   RO         1960    i.Modbus_Master_Rece_Handler  trans_recieve_buff_control.o
    0x08002e9c   0x0000000a   Code   RO         1961    i.Modbus_Master_Write  trans_recieve_buff_control.o
    0x08002ea6   0x00000002   PAD
    0x08002ea8   0x00000074   Code   RO         2081    i.NVIC_Init         misc.o
    0x08002f1c   0x00000014   Code   RO         2082    i.NVIC_PriorityGroupConfig  misc.o
    0x08002f30   0x00000002   Code   RO         4203    i.OSCfg_Init        os_cfg_app.o
    0x08002f32   0x00000002   PAD
    0x08002f34   0x00000010   Code   RO         5293    i.OSIdleTaskHook    os_cpu_c.o
    0x08002f44   0x00000200   Code   RO         4267    i.OSInit            os_core.o
    0x08003144   0x00000024   Code   RO         5294    i.OSInitHook        os_cpu_c.o
    0x08003168   0x00000020   Code   RO         4268    i.OSIntEnter        os_core.o
    0x08003188   0x00000090   Code   RO         4269    i.OSIntExit         os_core.o
    0x08003218   0x0000006c   Code   RO         4622    i.OSMutexCreate     os_mutex.o
    0x08003284   0x00000180   Code   RO         4623    i.OSMutexPend       os_mutex.o
    0x08003404   0x00000168   Code   RO         4624    i.OSMutexPost       os_mutex.o
    0x0800356c   0x00000084   Code   RO         4270    i.OSSched           os_core.o
    0x080035f0   0x0000004c   Code   RO         4271    i.OSSchedLock       os_core.o
    0x0800363c   0x000000d0   Code   RO         4272    i.OSSchedUnlock     os_core.o
    0x0800370c   0x0000005c   Code   RO         4273    i.OSStart           os_core.o
    0x08003768   0x000000f4   Code   RO         4894    i.OSStatReset       os_stat.o
    0x0800385c   0x000000bc   Code   RO         4895    i.OSStatTaskCPUUsageInit  os_stat.o
    0x08003918   0x00000010   Code   RO         5295    i.OSStatTaskHook    os_cpu_c.o
    0x08003928   0x00000124   Code   RO         4925    i.OSTaskCreate      os_task.o
    0x08003a4c   0x00000010   Code   RO         5296    i.OSTaskCreateHook  os_cpu_c.o
    0x08003a5c   0x00000026   Code   RO         4932    i.OSTaskResume      os_task.o
    0x08003a82   0x00000002   PAD
    0x08003a84   0x00000010   Code   RO         5298    i.OSTaskReturnHook  os_cpu_c.o
    0x08003a94   0x00000138   Code   RO         4933    i.OSTaskSemPend     os_task.o
    0x08003bcc   0x0000001c   Code   RO         4935    i.OSTaskSemPost     os_task.o
    0x08003be8   0x0000009c   Code   RO         4937    i.OSTaskStkChk      os_task.o
    0x08003c84   0x00000080   Code   RO         5299    i.OSTaskStkInit     os_cpu_c.o
    0x08003d04   0x00000018   Code   RO         4938    i.OSTaskSuspend     os_task.o
    0x08003d1c   0x00000058   Code   RO         5300    i.OSTaskSwHook      os_cpu_c.o
    0x08003d74   0x00000090   Code   RO         5110    i.OSTimeDly         os_time.o
    0x08003e04   0x000000d4   Code   RO         5111    i.OSTimeDlyHMSM     os_time.o
    0x08003ed8   0x00000028   Code   RO         5112    i.OSTimeGet         os_time.o
    0x08003f00   0x00000040   Code   RO         5114    i.OSTimeTick        os_time.o
    0x08003f40   0x00000010   Code   RO         5301    i.OSTimeTickHook    os_cpu_c.o
    0x08003f50   0x00000002   Code   RO         4457    i.OS_Dbg_Init       os_dbg.o
    0x08003f52   0x00000002   PAD
    0x08003f54   0x00000018   Code   RO         4482    i.OS_FlagInit       os_flag.o
    0x08003f6c   0x00000034   Code   RO         4275    i.OS_IdleTask       os_core.o
    0x08003fa0   0x00000068   Code   RO         4276    i.OS_IdleTaskInit   os_core.o
    0x08004008   0x00000018   Code   RO         4554    i.OS_MemInit        os_mem.o
    0x08004020   0x00000080   Code   RO         4586    i.OS_MsgPoolInit    os_msg.o
    0x080040a0   0x0000000e   Code   RO         4589    i.OS_MsgQInit       os_msg.o
    0x080040ae   0x00000002   PAD
    0x080040b0   0x00000024   Code   RO         4626    i.OS_MutexDbgListAdd  os_mutex.o
    0x080040d4   0x00000022   Code   RO         4630    i.OS_MutexGrpPrioFindHighest  os_mutex.o
    0x080040f6   0x00000002   PAD
    0x080040f8   0x00000018   Code   RO         4632    i.OS_MutexInit      os_mutex.o
    0x08004110   0x00000150   Code   RO         4277    i.OS_Pend           os_core.o
    0x08004260   0x0000004c   Code   RO         4281    i.OS_PendDbgNameAdd  os_core.o
    0x080042ac   0x000000bc   Code   RO         4283    i.OS_PendListChangePrio  os_core.o
    0x08004368   0x0000000a   Code   RO         4284    i.OS_PendListInit   os_core.o
    0x08004372   0x00000062   Code   RO         4287    i.OS_PendListRemove  os_core.o
    0x080043d4   0x00000124   Code   RO         4291    i.OS_Post           os_core.o
    0x080044f8   0x0000002c   Code   RO         4719    i.OS_PrioGetHighest  os_prio.o
    0x08004524   0x0000000c   Code   RO         4720    i.OS_PrioInit       os_prio.o
    0x08004530   0x00000024   Code   RO         4721    i.OS_PrioInsert     os_prio.o
    0x08004554   0x00000024   Code   RO         4722    i.OS_PrioRemove     os_prio.o
    0x08004578   0x00000018   Code   RO         4765    i.OS_QInit          os_q.o
    0x08004590   0x00000070   Code   RO         4294    i.OS_RdyListInsert  os_core.o
    0x08004600   0x00000038   Code   RO         4295    i.OS_RdyListInsertHead  os_core.o
    0x08004638   0x00000034   Code   RO         4296    i.OS_RdyListInsertTail  os_core.o
    0x0800466c   0x00000054   Code   RO         4298    i.OS_RdyListRemove  os_core.o
    0x080046c0   0x00000018   Code   RO         4834    i.OS_SemInit        os_sem.o
    0x080046d8   0x00000340   Code   RO         4896    i.OS_StatTask       os_stat.o
    0x08004a18   0x000000cc   Code   RO         4897    i.OS_StatTaskInit   os_stat.o
    0x08004ae4   0x000000bc   Code   RO         4939    i.OS_TaskChangePrio  os_task.o
    0x08004ba0   0x00000020   Code   RO         4942    i.OS_TaskInit       os_task.o
    0x08004bc0   0x000000b4   Code   RO         4943    i.OS_TaskInitTCB    os_task.o
    0x08004c74   0x000000c0   Code   RO         4945    i.OS_TaskResume     os_task.o
    0x08004d34   0x00000020   Code   RO         4946    i.OS_TaskReturn     os_task.o
    0x08004d54   0x000000b8   Code   RO         4947    i.OS_TaskSemPost    os_task.o
    0x08004e0c   0x000000e4   Code   RO         4948    i.OS_TaskSuspend    os_task.o
    0x08004ef0   0x00000084   Code   RO         5074    i.OS_TickListInsert  os_tick.o
    0x08004f74   0x00000104   Code   RO         5075    i.OS_TickListInsertDly  os_tick.o
    0x08005078   0x00000066   Code   RO         5076    i.OS_TickListRemove  os_tick.o
    0x080050de   0x00000002   PAD
    0x080050e0   0x000001a8   Code   RO         5077    i.OS_TickTask       os_tick.o
    0x08005288   0x000000c4   Code   RO         5078    i.OS_TickTaskInit   os_tick.o
    0x0800534c   0x0000012c   Code   RO         5155    i.OS_TmrInit        os_tmr.o
    0x08005478   0x000000d8   Code   RO         5156    i.OS_TmrTask        os_tmr.o
    0x08005550   0x00000070   Code   RO         1643    i.Open_Measurement  pm25_uart3.o
    0x080055c0   0x000000d0   Code   RO         1644    i.PM25_UART3_Init   pm25_uart3.o
    0x08005690   0x000001f8   Code   RO         1150    i.ParseCommand_Config  bsp_emq.o
    0x08005888   0x00000090   Code   RO         1645    i.ParsePM25Command  pm25_uart3.o
    0x08005918   0x00000018   Code   RO         2405    i.RCC_APB1PeriphClockCmd  stm32f10x_rcc.o
    0x08005930   0x00000018   Code   RO         2407    i.RCC_APB2PeriphClockCmd  stm32f10x_rcc.o
    0x08005948   0x000000ac   Code   RO         2415    i.RCC_GetClocksFreq  stm32f10x_rcc.o
    0x080059f4   0x000000b0   Code   RO         1490    i.SIM800CUsart_init  sim800c_usart.o
    0x08005aa4   0x00000084   Code   RO         1423    i.SIM800C_CREG      sim800c.o
    0x08005b28   0x000000ac   Code   RO         1424    i.SIM800C_CSQ       sim800c.o
    0x08005bd4   0x0000026c   Code   RO         1425    i.SIM800C_GPRS      sim800c.o
    0x08005e40   0x00000078   Code   RO         1427    i.SIM800C_SendCmd_OK  sim800c.o
    0x08005eb8   0x00000064   Code   RO         1428    i.SIM800C_TestAT    sim800c.o
    0x08005f1c   0x0000003c   Code   RO         1492    i.SIM800C_TxData    sim800c_usart.o
    0x08005f58   0x00000048   Code   RO         1429    i.SIM800C_init      sim800c.o
    0x08005fa0   0x0000005c   Code   RO         1493    i.SIM800C_printf    sim800c_usart.o
    0x08005ffc   0x0000001a   Code   RO         1606    i.STMFLASH_Read     stmflash.o
    0x08006016   0x00000002   PAD
    0x08006018   0x00000130   Code   RO         1608    i.STMFLASH_Write    stmflash.o
    0x08006148   0x000000b0   Code   RO         2012    i.SendLEDCmd        led_display.o
    0x080061f8   0x00000048   Code   RO         4068    i.Str_Copy_N        lib_str.o
    0x08006240   0x0000001a   Code   RO         4073    i.Str_Len_N         lib_str.o
    0x0800625a   0x00000064   Code   RO          241    i.StringFind        opt.o
    0x080062be   0x00000002   PAD
    0x080062c0   0x00000030   Code   RO         3386    i.SysTick_Handler   stm32f10x_it.o
    0x080062f0   0x000000f0   Code   RO         3362    i.SystemInit        system_stm32f10x.o
    0x080063e0   0x000000c8   Code   RO         3387    i.TIM2_IRQHandler   stm32f10x_it.o
    0x080064a8   0x00000076   Code   RO         1546    i.TIM2_Init         timer2.o
    0x0800651e   0x00000002   PAD
    0x08006520   0x00000120   Code   RO         3388    i.TIM3_IRQHandler   stm32f10x_it.o
    0x08006640   0x0000006c   Code   RO         1558    i.TIM3_Init         timer3.o
    0x080066ac   0x00000068   Code   RO         3389    i.TIM4_IRQHandler   stm32f10x_it.o
    0x08006714   0x0000007c   Code   RO         1570    i.TIM4_Init         timer4.o
    0x08006790   0x00000078   Code   RO         3390    i.TIM5_IRQHandler   stm32f10x_it.o
    0x08006808   0x00000070   Code   RO         1582    i.TIM5_Init         timer5.o
    0x08006878   0x00000006   Code   RO         2791    i.TIM_ClearITPendingBit  stm32f10x_tim.o
    0x0800687e   0x00000012   Code   RO         2796    i.TIM_Cmd           stm32f10x_tim.o
    0x08006890   0x00000016   Code   RO         2817    i.TIM_GetITStatus   stm32f10x_tim.o
    0x080068a6   0x00000010   Code   RO         2821    i.TIM_ITConfig      stm32f10x_tim.o
    0x080068b6   0x00000004   Code   RO         2861    i.TIM_SetCounter    stm32f10x_tim.o
    0x080068ba   0x00000002   PAD
    0x080068bc   0x0000009c   Code   RO         2867    i.TIM_TimeBaseInit  stm32f10x_tim.o
    0x08006958   0x00000030   Code   RO         1267    i.TxDataBuf_Deal    emqtt.o
    0x08006988   0x00000068   Code   RO         3391    i.UART4_IRQHandler  stm32f10x_it.o
    0x080069f0   0x0000007c   Code   RO         3392    i.UART5_IRQHandler  stm32f10x_it.o
    0x08006a6c   0x0000002c   Code   RO         2064    i.USART1WriteBuffer  led_uart1.o
    0x08006a98   0x00000026   Code   RO         3393    i.USART2_IRQHandler  stm32f10x_it.o
    0x08006abe   0x00000002   PAD
    0x08006ac0   0x00000064   Code   RO         3394    i.USART3_IRQHandler  stm32f10x_it.o
    0x08006b24   0x00000006   Code   RO         2603    i.USART_ClearFlag   stm32f10x_usart.o
    0x08006b2a   0x0000000e   Code   RO         2604    i.USART_ClearITPendingBit  stm32f10x_usart.o
    0x08006b38   0x00000012   Code   RO         2607    i.USART_Cmd         stm32f10x_usart.o
    0x08006b4a   0x0000000e   Code   RO         2610    i.USART_GetFlagStatus  stm32f10x_usart.o
    0x08006b58   0x0000004c   Code   RO         2611    i.USART_GetITStatus  stm32f10x_usart.o
    0x08006ba4   0x00000030   Code   RO         2613    i.USART_ITConfig    stm32f10x_usart.o
    0x08006bd4   0x000000b4   Code   RO         2614    i.USART_Init        stm32f10x_usart.o
    0x08006c88   0x00000008   Code   RO         2621    i.USART_ReceiveData  stm32f10x_usart.o
    0x08006c90   0x00000008   Code   RO         2624    i.USART_SendData    stm32f10x_usart.o
    0x08006c98   0x0000002c   Code   RO          348    i.Uart3WriteBuffer_Config  bsp_config_usart.o
    0x08006cc4   0x0000002c   Code   RO          349    i.Uart5WriteBuffer_Config  bsp_config_usart.o
    0x08006cf0   0x0000002c   Code   RO         1154    i.UartWriteBuffer_Config  bsp_emq.o
    0x08006d1c   0x00000050   Code   RO         2013    i.UpdateDisplay     led_display.o
    0x08006d6c   0x00000020   Code   RO         5661    i.__0printf         mc_w.l(printfa.o)
    0x08006d8c   0x00000028   Code   RO         5663    i.__0sprintf        mc_w.l(printfa.o)
    0x08006db4   0x00000024   Code   RO         5667    i.__0vsprintf       mc_w.l(printfa.o)
    0x08006dd8   0x0000000e   Code   RO         5741    i.__scatterload_copy  mc_w.l(handlers.o)
    0x08006de6   0x00000002   Code   RO         5742    i.__scatterload_null  mc_w.l(handlers.o)
    0x08006de8   0x0000000e   Code   RO         5743    i.__scatterload_zeroinit  mc_w.l(handlers.o)
    0x08006df6   0x00000002   PAD
    0x08006df8   0x00000164   Code   RO         5668    i._fp_digits        mc_w.l(printfa.o)
    0x08006f5c   0x000006dc   Code   RO         5669    i._printf_core      mc_w.l(printfa.o)
    0x08007638   0x00000024   Code   RO         5670    i._printf_post_padding  mc_w.l(printfa.o)
    0x0800765c   0x0000002e   Code   RO         5671    i._printf_pre_padding  mc_w.l(printfa.o)
    0x0800768a   0x0000000a   Code   RO         5673    i._sputc            mc_w.l(printfa.o)
    0x08007694   0x00000004   Code   RO          299    i.delay_ms          bsp.o
    0x08007698   0x0000005c   Code   RO         2014    i.dispNoiseAndTSP   led_display.o
    0x080076f4   0x00000070   Code   RO         2015    i.dispPM25AndPM10   led_display.o
    0x08007764   0x0000008c   Code   RO         2016    i.dispTempAndHumi   led_display.o
    0x080077f0   0x0000005c   Code   RO         2017    i.dispWindLevelAndWelcome  led_display.o
    0x0800784c   0x000001c4   Code   RO         2018    i.dispWindSpeedAndWindDirect  led_display.o
    0x08007a10   0x00000024   Code   RO          350    i.fputc             bsp_config_usart.o
    0x08007a34   0x00000078   Code   RO         1698    i.getNoise          noise_sensor.o
    0x08007aac   0x00000058   Code   RO         1680    i.getWindDirection  wind_sensor.o
    0x08007b04   0x00000148   Code   RO         1681    i.getWindSpeed      wind_sensor.o
    0x08007c4c   0x00000078   Code   RO            5    i.main              main.o
    0x08007cc4   0x0000003c   Code   RO         1269    i.neul_bc95_str_to_hex  emqtt.o
    0x08007d00   0x0000000c   Code   RO         1899    i.rbClear           ringbuffer.o
    0x08007d0c   0x00000012   Code   RO         1901    i.rbInitialize      ringbuffer.o
    0x08007d1e   0x0000000e   Code   RO         1902    i.rbIsEmpty         ringbuffer.o
    0x08007d2c   0x00000022   Code   RO         1904    i.rbPop             ringbuffer.o
    0x08007d4e   0x00000026   Code   RO         1905    i.rbPush            ringbuffer.o
    0x08007d74   0x00000058   Code   RO         1156    i.read_DEVICE_ID    bsp_emq.o
    0x08007dcc   0x00000004   Data   RO         4210    .constdata          os_cfg_app.o
    0x08007dd0   0x00000004   Data   RO         4211    .constdata          os_cfg_app.o
    0x08007dd4   0x00000004   Data   RO         4212    .constdata          os_cfg_app.o
    0x08007dd8   0x00000004   Data   RO         4221    .constdata          os_cfg_app.o
    0x08007ddc   0x00000004   Data   RO         4222    .constdata          os_cfg_app.o
    0x08007de0   0x00000002   Data   RO         4224    .constdata          os_cfg_app.o
    0x08007de2   0x00000002   PAD
    0x08007de4   0x00000004   Data   RO         4226    .constdata          os_cfg_app.o
    0x08007de8   0x00000001   Data   RO         4227    .constdata          os_cfg_app.o
    0x08007de9   0x00000003   PAD
    0x08007dec   0x00000004   Data   RO         4228    .constdata          os_cfg_app.o
    0x08007df0   0x00000004   Data   RO         4229    .constdata          os_cfg_app.o
    0x08007df4   0x00000004   Data   RO         4230    .constdata          os_cfg_app.o
    0x08007df8   0x00000004   Data   RO         4231    .constdata          os_cfg_app.o
    0x08007dfc   0x00000004   Data   RO         4233    .constdata          os_cfg_app.o
    0x08007e00   0x00000004   Data   RO         4234    .constdata          os_cfg_app.o
    0x08007e04   0x00000001   Data   RO         4235    .constdata          os_cfg_app.o
    0x08007e05   0x00000003   PAD
    0x08007e08   0x00000004   Data   RO         4236    .constdata          os_cfg_app.o
    0x08007e0c   0x00000004   Data   RO         4237    .constdata          os_cfg_app.o
    0x08007e10   0x00000004   Data   RO         4238    .constdata          os_cfg_app.o
    0x08007e14   0x00000001   Data   RO         4240    .constdata          os_cfg_app.o
    0x08007e15   0x00000003   PAD
    0x08007e18   0x00000004   Data   RO         4241    .constdata          os_cfg_app.o
    0x08007e1c   0x00000004   Data   RO         4242    .constdata          os_cfg_app.o
    0x08007e20   0x00000004   Data   RO         4243    .constdata          os_cfg_app.o
    0x08007e24   0x00000004   Data   RO         4244    .constdata          os_cfg_app.o
    0x08007e28   0x0000003a   Data   RO         1159    .conststring        bsp_emq.o
    0x08007e62   0x00000002   PAD
    0x08007e64   0x0000000a   Data   RO         1271    .conststring        emqtt.o
    0x08007e6e   0x00000002   PAD
    0x08007e70   0x000000ad   Data   RO         2019    .conststring        led_display.o
    0x08007f1d   0x00000003   PAD
    0x08007f20   0x0000005b   Data   RO         3395    .conststring        stm32f10x_it.o
    0x08007f7b   0x00000001   PAD
    0x08007f7c   0x00000020   Data   RO         5739    Region$$Table       anon$$obj.o


    Execution Region RW_IRAM1 (Base: 0x20000000, Size: 0x0000a418, Max: 0x0000c000, ABSOLUTE, COMPRESSED[0x0000008c])

    Base Addr    Size         Type   Attr      Idx    E Section Name        Object

    0x20000000   0x00000006   Data   RW          301    .data               bsp.o
    0x20000006   0x00000004   Data   RW          355    .data               bsp_config_usart.o
    0x2000000a   0x00000002   PAD
    0x2000000c   0x000000a0   Data   RW         1160    .data               bsp_emq.o
    0x200000ac   0x00000001   Data   RW         1161    .data               bsp_emq.o
    0x200000ad   0x00000001   PAD
    0x200000ae   0x00000002   Data   RW         1162    .data               bsp_emq.o
    0x200000b0   0x00000034   Data   RW         1272    .data               emqtt.o
    0x200000e4   0x00000002   Data   RW         1496    .data               sim800c_usart.o
    0x200000e6   0x00000002   Data   RW         1647    .data               pm25_uart3.o
    0x200000e8   0x0000000e   Data   RW         1735    .data               modbus_master.o
    0x200000f6   0x00000002   PAD
    0x200000f8   0x00000080   Data   RW         2020    .data               led_display.o
    0x20000178   0x00000014   Data   RW         2435    .data               stm32f10x_rcc.o
    0x2000018c   0x00000004   Data   RW         3396    .data               stm32f10x_it.o
    0x20000190   0x0000001c   Data   RW         3616    .data               cpu_core.o
    0x200001ac   0x00000004   Data   RW         3920    .data               lib_mem.o
    0x200001b0   0x00000004   Data   RW         4723    .data               os_prio.o
    0x200001b4   0x00000004   Data   RW         5230    .data               os_var.o
    0x200001b8   0x00000004   Data   RW         5231    .data               os_var.o
    0x200001bc   0x00000004   Data   RW         5232    .data               os_var.o
    0x200001c0   0x00000004   Data   RW         5233    .data               os_var.o
    0x200001c4   0x00000004   Data   RW         5234    .data               os_var.o
    0x200001c8   0x00000004   Data   RW         5235    .data               os_var.o
    0x200001cc   0x00000004   Data   RW         5236    .data               os_var.o
    0x200001d0   0x00000004   Data   RW         5237    .data               os_var.o
    0x200001d4   0x00000001   Data   RW         5238    .data               os_var.o
    0x200001d5   0x00000003   PAD
    0x200001d8   0x00000004   Data   RW         5239    .data               os_var.o
    0x200001dc   0x00000001   Data   RW         5240    .data               os_var.o
    0x200001dd   0x00000003   PAD
    0x200001e0   0x00000004   Data   RW         5241    .data               os_var.o
    0x200001e4   0x00000002   Data   RW         5242    .data               os_var.o
    0x200001e6   0x00000002   PAD
    0x200001e8   0x00000004   Data   RW         5243    .data               os_var.o
    0x200001ec   0x00000002   Data   RW         5244    .data               os_var.o
    0x200001ee   0x00000002   PAD
    0x200001f0   0x00000004   Data   RW         5245    .data               os_var.o
    0x200001f4   0x00000002   Data   RW         5246    .data               os_var.o
    0x200001f6   0x00000001   Data   RW         5247    .data               os_var.o
    0x200001f7   0x00000001   Data   RW         5248    .data               os_var.o
    0x200001f8   0x00000001   Data   RW         5249    .data               os_var.o
    0x200001f9   0x00000003   PAD
    0x200001fc   0x00000004   Data   RW         5250    .data               os_var.o
    0x20000200   0x00000002   Data   RW         5251    .data               os_var.o
    0x20000202   0x00000001   Data   RW         5252    .data               os_var.o
    0x20000203   0x00000001   PAD
    0x20000204   0x00000004   Data   RW         5253    .data               os_var.o
    0x20000208   0x00000002   Data   RW         5254    .data               os_var.o
    0x2000020a   0x00000001   Data   RW         5255    .data               os_var.o
    0x2000020b   0x00000001   PAD
    0x2000020c   0x00000002   Data   RW         5256    .data               os_var.o
    0x2000020e   0x00000002   Data   RW         5257    .data               os_var.o
    0x20000210   0x00000004   Data   RW         5258    .data               os_var.o
    0x20000214   0x00000004   Data   RW         5259    .data               os_var.o
    0x20000218   0x00000004   Data   RW         5260    .data               os_var.o
    0x2000021c   0x00000001   Data   RW         5261    .data               os_var.o
    0x2000021d   0x00000003   PAD
    0x20000220   0x00000004   Data   RW         5262    .data               os_var.o
    0x20000224   0x00000004   Data   RW         5263    .data               os_var.o
    0x20000228   0x00000004   Data   RW         5264    .data               os_var.o
    0x2000022c   0x00000002   Data   RW         5265    .data               os_var.o
    0x2000022e   0x00000001   Data   RW         5266    .data               os_var.o
    0x2000022f   0x00000001   PAD
    0x20000230   0x00000004   Data   RW         5267    .data               os_var.o
    0x20000234   0x00000004   Data   RW         5268    .data               os_var.o
    0x20000238   0x00000008   Data   RW         5269    .data               os_var.o
    0x20000240   0x00000008   Data   RW         5270    .data               os_var.o
    0x20000248   0x00000004   Data   RW         5271    .data               os_var.o
    0x2000024c   0x00000002   Data   RW         5272    .data               os_var.o
    0x2000024e   0x00000002   PAD
    0x20000250   0x00000004   Data   RW         5273    .data               os_var.o
    0x20000254   0x00000004   Data   RW         5275    .data               os_var.o
    0x20000258   0x00000004   Data   RW         5276    .data               os_var.o
    0x2000025c   0x00000004   Data   RW         5277    .data               os_var.o
    0x20000260   0x00000004   Data   RW         5278    .data               os_var.o
    0x20000264   0x00000004   Data   RW         5279    .data               os_var.o
    0x20000268   0x00000004   Data   RW         5280    .data               os_var.o
    0x2000026c   0x00000004   Data   RW         5302    .data               os_cpu_c.o
    0x20000270   0x00000004   Data   RW         5717    .data               mc_w.l(stdout.o)
    0x20000274   0x00000004   PAD
    0x20000278   0x00000b00   Zero   RW            6    .bss                main.o
    0x20000d78   0x00000018   Zero   RW          300    .bss                bsp.o
    0x20000d90   0x00000100   Zero   RW          351    .bss                bsp_config_usart.o
    0x20000e90   0x00000148   Zero   RW          512    .bss                bsp_int.o
    0x20000fd8   0x00000100   Zero   RW         1158    .bss                bsp_emq.o
    0x200010d8   0x0000639c   Zero   RW         1270    .bss                emqtt.o
    0x20007474   0x00000080   Zero   RW         1494    .bss                sim800c_usart.o
    0x200074f4   0x00000004   PAD
    0x200074f8   0x00000800   Zero   RW         1495    .bss                sim800c_usart.o
    0x20007cf8   0x00000800   Zero   RW         1611    .bss                stmflash.o
    0x200084f8   0x00000100   Zero   RW         1646    .bss                pm25_uart3.o
    0x200085f8   0x00000100   Zero   RW         1734    .bss                modbus_master.o
    0x200086f8   0x000000dc   Zero   RW         1962    .bss                trans_recieve_buff_control.o
    0x200087d4   0x00000010   Zero   RW         3613    .bss                cpu_core.o
    0x200087e4   0x00000414   Zero   RW         3919    .bss                lib_mem.o
    0x20008bf8   0x00000200   Zero   RW         4204    .bss                os_cfg_app.o
    0x20008df8   0x00000190   Zero   RW         4205    .bss                os_cfg_app.o
    0x20008f88   0x00000640   Zero   RW         4206    .bss                os_cfg_app.o
    0x200095c8   0x00000190   Zero   RW         4207    .bss                os_cfg_app.o
    0x20009758   0x00000200   Zero   RW         4208    .bss                os_cfg_app.o
    0x20009958   0x00000200   Zero   RW         4209    .bss                os_cfg_app.o
    0x20009b58   0x000000c0   Zero   RW         5223    .bss                os_var.o
    0x20009c18   0x0000000c   Zero   RW         5224    .bss                os_var.o
    0x20009c24   0x00000180   Zero   RW         5225    .bss                os_var.o
    0x20009da4   0x000000c0   Zero   RW         5226    .bss                os_var.o
    0x20009e64   0x000000c0   Zero   RW         5227    .bss                os_var.o
    0x20009f24   0x00000030   Zero   RW         5228    .bss                os_var.o
    0x20009f54   0x000000c0   Zero   RW         5229    .bss                os_var.o
    0x2000a014   0x00000004   PAD
    0x2000a018   0x00000400   Zero   RW         3353    STACK               startup_stm32f10x_hd.o


==============================================================================

Image component sizes


      Code (inc. data)   RO Data    RW Data    ZI Data      Debug   Object Name

       272         52          0          6         24       4374   bsp.o
       456         72          0          4        256       5797   bsp_config_usart.o
      3300       1334         58        163        256      22125   bsp_emq.o
       208         32          0          0          0       1012   bsp_gpio.o
       146         16          0          0        328      26982   bsp_int.o
        66          0          0          0          0        743   bsp_os.o
        52          0          0          0          0        424   cpu_a.o
        60         16          0          0          0       1172   cpu_bsp.o
       464         44          0         28         16       8444   cpu_core.o
      1666        422         10         52      25500      11122   emqtt.o
        92         20          0          0          0       1172   gprs_usart.o
      1236        352        173        128          0       6368   led_display.o
       196         14          0          0          0       1720   led_uart1.o
       256          8          0          4       1044      15413   lib_mem.o
        98          0          0          0          0       4043   lib_str.o
       536        156          0          0       2816     304700   main.o
       136         10          0          0          0       1767   misc.o
      1192         42          0         14        256       6876   modbus_master.o
       252         14          0          0          0       1834   modbus_uart.o
       120         32          0          0          0        595   noise_sensor.o
       100          0          0          0          0       1350   opt.o
       138         56          0          0          0       4524   os_app_hooks.o
         2          0         81          0       3936      19609   os_cfg_app.o
      2656        386          0          0          0      17008   os_core.o
       228          6          0          0          0        496   os_cpu_a.o
       332         52          0          4          0      25304   os_cpu_c.o
         2          0          0          0          0       1090   os_dbg.o
        24         10          0          0          0       1306   os_flag.o
        24         10          0          0          0       1132   os_mem.o
       142         12          0          0          0       1975   os_msg.o
       946         62          0          0          0       5836   os_mutex.o
       128         20          0          4          0       3174   os_prio.o
        24         10          0          0          0       1447   os_q.o
        24         10          0          0          0       1461   os_sem.o
      1468        222          0          0          0       4351   os_stat.o
      1886        130          0          0          0      11181   os_task.o
      1114         84          0          0          0       5511   os_tick.o
       460         44          0          0          0       3441   os_time.o
       516        132          0          0          0       2634   os_tmr.o
         0          0          0        163       1212      18022   os_var.o
       568        116          0          2        256       3663   pm25_uart3.o
       116          0          0          0          0       3674   ringbuffer.o
      1216        276          0          0          0       4597   sim800c.o
       328         30          0          2       2176       2845   sim800c_usart.o
        36          8        304          0       1024        976   startup_stm32f10x_hd.o
       260         30          0          0          0       5259   stm32f10x_flash.o
       296          6          0          0          0       2878   stm32f10x_gpio.o
      1210        248         91          4          0       6552   stm32f10x_it.o
        68         30          0          0          0       2818   stm32f10x_iwdg.o
       220         32          0         20          0       4914   stm32f10x_rcc.o
       222          8          0          0          0       5510   stm32f10x_tim.o
       372          6          0          0          0       7513   stm32f10x_usart.o
       330          4          0          0       2048       2835   stmflash.o
       240         18          0          0          0       1445   system_stm32f10x.o
       118          0          0          0          0        644   timer2.o
       108          4          0          0          0        648   timer3.o
       124          4          0          0          0        656   timer4.o
       112          6          0          0          0        648   timer5.o
       156         28          0          0        220       5277   trans_recieve_buff_control.o
       416        136          0          0          0       1410   wind_sensor.o

    ----------------------------------------------------------------------
     27572       4872        768        624      41376     622297   Object Totals
         0          0         32          0          0          0   (incl. Generated)
        38          0         19         26          8          0   (incl. Padding)

    ----------------------------------------------------------------------

      Code (inc. data)   RO Data    RW Data    ZI Data      Debug   Library Member Name

        86          0          0          0          0          0   __dczerorl2.o
         0          0          0          0          0          0   entry.o
         0          0          0          0          0          0   entry10a.o
         0          0          0          0          0          0   entry11a.o
         8          4          0          0          0          0   entry2.o
         4          0          0          0          0          0   entry5.o
         0          0          0          0          0          0   entry7b.o
         0          0          0          0          0          0   entry8b.o
         8          4          0          0          0          0   entry9a.o
        30          0          0          0          0          0   handlers.o
        36          8          0          0          0         68   init.o
         0          0          0          0          0          0   iusefp.o
        30          0          0          0          0         68   llshl.o
        36          0          0          0          0         68   llsshr.o
        32          0          0          0          0         68   llushr.o
        26          0          0          0          0         80   memcmp.o
        64          0          0          0          0         76   memmovea.o
        36          0          0          0          0        108   memseta.o
      2312        102          0          0          0        676   printfa.o
         0          0          0          4          0          0   stdout.o
        14          0          0          0          0         68   strlen.o
        36          0          0          0          0         80   strstr.o
        44          0          0          0          0         80   uidiv.o
        98          0          0          0          0         92   uldiv.o
        48          0          0          0          0         68   cdrcmple.o
       334          0          0          0          0        148   dadd.o
       222          0          0          0          0        100   ddiv.o
       186          0          0          0          0        176   depilogue.o
        50          0          0          0          0         76   dfixui.o
        48          0          0          0          0         68   dfixul.o
        26          0          0          0          0         76   dfltui.o
       228          0          0          0          0         96   dmul.o
        38          0          0          0          0         68   f2d.o
       124          0          0          0          0         88   fdiv.o
       110          0          0          0          0        168   fepilogue.o
        10          0          0          0          0         68   ffltui.o

    ----------------------------------------------------------------------
      4328        118          0          4          4       2732   Library Totals
         4          0          0          0          4          0   (incl. Padding)

    ----------------------------------------------------------------------

      Code (inc. data)   RO Data    RW Data    ZI Data      Debug   Library Name

      2900        118          0          4          0       1532   mc_w.l
      1424          0          0          0          0       1200   mf_w.l

    ----------------------------------------------------------------------
      4328        118          0          4          4       2732   Library Totals

    ----------------------------------------------------------------------

==============================================================================


      Code (inc. data)   RO Data    RW Data    ZI Data      Debug   

     31900       4990        768        628      41380     611949   Grand Totals
     31900       4990        768        140      41380     611949   ELF Image Totals (compressed)
     31900       4990        768        140          0          0   ROM Totals

==============================================================================

    Total RO  Size (Code + RO Data)                32668 (  31.90kB)
    Total RW  Size (RW Data + ZI Data)             42008 (  41.02kB)
    Total ROM Size (Code + RO Data + RW Data)      32808 (  32.04kB)

==============================================================================

